\BOOKMARK [1][]{section.1}{\376\377\000I\000n\000t\000r\000o\000d\000u\000c\000t\000i\000o\000n}{}% 1
\BOOKMARK [2][]{section*.2}{\376\377\000W\000h\000y\000\040\000a\000\040\000c\000o\000n\000s\000t\000r\000u\000c\000t\000e\000d\000\040\000p\000r\000o\000b\000e\000\040\000m\000a\000t\000t\000e\000r\000s\000.}{section.1}% 2
\BOOKMARK [1][]{section.2}{\376\377\000R\000e\000l\000a\000t\000e\000d\000\040\000W\000o\000r\000k}{}% 3
\BOOKMARK [2][]{section*.3}{\376\377\000L\000e\000a\000r\000n\000e\000d\000\040\000e\000v\000a\000l\000u\000a\000t\000i\000o\000n\000\040\000i\000n\000\040\000s\000i\000g\000n\000\040\000l\000a\000n\000g\000u\000a\000g\000e\000\040\000p\000r\000o\000d\000u\000c\000t\000i\000o\000n\000.}{section.2}% 4
\BOOKMARK [3][]{section*.4}{\376\377\000R\000e\000t\000r\000i\000e\000v\000a\000l\000\040\000a\000n\000d\000\040\000s\000h\000o\000r\000t\000c\000u\000t\000\040\000r\000i\000s\000k\000s\000.}{section*.3}% 5
\BOOKMARK [4][]{section*.5}{\376\377\000R\000o\000b\000u\000s\000t\000n\000e\000s\000s\000\040\000o\000f\000\040\000l\000e\000a\000r\000n\000e\000d\000\040\000m\000e\000t\000r\000i\000c\000s\000\040\000a\000n\000d\000\040\000c\000o\000r\000p\000u\000s\000\040\000a\000u\000d\000i\000t\000s\000.}{section*.4}% 6
\BOOKMARK [4][]{section*.6}{\376\377\000R\000e\000p\000r\000o\000d\000u\000c\000i\000b\000i\000l\000i\000t\000y\000\040\000o\000f\000\040\000l\000e\000a\000r\000n\000e\000d\000\040\000e\000v\000a\000l\000u\000a\000t\000i\000o\000n\000\040\000m\000e\000t\000r\000i\000c\000s\000.}{section*.4}% 7
\BOOKMARK [4][]{section*.7}{\376\377\000P\000H\000O\000E\000N\000I\000X\000-\0002\0000\0001\0004\000T\000\040\000a\000s\000\040\000a\000\040\000l\000a\000n\000g\000u\000a\000g\000e\000\040\000r\000e\000s\000o\000u\000r\000c\000e\000:\000\040\000k\000n\000o\000w\000n\000\040\000l\000i\000m\000i\000t\000a\000t\000i\000o\000n\000s\000.}{section*.4}% 8
\BOOKMARK [1][]{section.3}{\376\377\000M\000e\000t\000h\000o\000d\000s}{}% 9
\BOOKMARK [2][]{subsection.3.1}{\376\377\000E\000v\000a\000l\000u\000a\000t\000i\000o\000n\000\040\000d\000e\000s\000i\000g\000n}{section.3}% 10
\BOOKMARK [3][]{section*.8}{\376\377\000O\000p\000e\000r\000a\000t\000i\000o\000n\000a\000l\000\040\000d\000e\000f\000i\000n\000i\000t\000i\000o\000n\000\040\000o\000f\000\040\000r\000e\000c\000o\000n\000s\000t\000r\000u\000c\000t\000i\000o\000n\000\040\000c\000o\000m\000p\000e\000t\000e\000n\000c\000e\000.}{subsection.3.1}% 11
\BOOKMARK [2][]{subsection.3.2}{\376\377\000S\000y\000s\000t\000e\000m\000s\000\040\000a\000n\000d\000\040\000r\000e\000t\000r\000i\000e\000v\000a\000l\000\040\000c\000o\000n\000t\000r\000o\000l\000s}{section.3}% 12
\BOOKMARK [3][]{section*.9}{\376\377\000L\000e\000x\000i\000c\000a\000l\000\040\000c\000o\000u\000p\000l\000i\000n\000g\000\040\000o\000f\000\040\000t\000h\000e\000\040\000s\000o\000u\000r\000c\000e\000-\000c\000o\000n\000d\000i\000t\000i\000o\000n\000e\000d\000\040\000p\000r\000o\000b\000e\000\040\000\050\000a\000d\000v\000e\000r\000s\000a\000r\000i\000a\000l\000\040\000d\000e\000s\000i\000g\000n\000\051\000.}{subsection.3.2}% 13
\BOOKMARK [4][]{section*.10}{\376\377\000R\000e\000t\000r\000i\000e\000v\000a\000l\000\040\000c\000o\000m\000p\000o\000s\000i\000t\000i\000o\000n\000.}{section*.9}% 14
\BOOKMARK [4][]{section*.11}{\376\377\000D\000o\000n\000o\000r\000-\000o\000r\000i\000g\000i\000n\000\040\000c\000o\000n\000t\000r\000a\000s\000t\000\040\000r\000e\000t\000r\000i\000e\000v\000a\000l\000\040\000s\000y\000s\000t\000e\000m\000s\000.}{section*.9}% 15
\BOOKMARK [2][]{subsection.3.3}{\376\377\000E\000v\000a\000l\000u\000a\000t\000o\000r\000\040\000c\000h\000e\000c\000k\000p\000o\000i\000n\000t\000\040\000f\000a\000m\000i\000l\000y}{section.3}% 16
\BOOKMARK [3][]{section*.12}{\376\377\000W\000h\000a\000t\000\040\000t\000h\000e\000\040\0007\0006\000\040\000r\000u\000n\000s\000\040\000a\000r\000e\040\024\000a\000n\000d\000\040\000a\000r\000e\000\040\000n\000o\000t\000.}{subsection.3.3}% 17
\BOOKMARK [4][]{section*.13}{\376\377\000T\000r\000a\000i\000n\000i\000n\000g\000-\000p\000o\000o\000l\000\040\000r\000e\000a\000d\000o\000u\000t\000\040\000\050\000d\000e\000s\000c\000r\000i\000p\000t\000i\000v\000e\000\040\000o\000b\000s\000e\000r\000v\000a\000t\000i\000o\000n\000\051\000.}{section*.12}% 18
\BOOKMARK [2][]{subsection.3.4}{\376\377\000R\000e\000c\000o\000n\000s\000t\000r\000u\000c\000t\000i\000o\000n\000\040\000s\000a\000n\000i\000t\000y\000\040\000c\000h\000e\000c\000k\000s\000\040\000a\000n\000d\000\040\000t\000r\000a\000i\000n\000i\000n\000g\000\040\000d\000i\000a\000g\000n\000o\000s\000t\000i\000c\000s}{section.3}% 19
\BOOKMARK [3][]{section*.14}{\376\377\000S\000e\000v\000e\000n\000\040\000i\000m\000p\000l\000e\000m\000e\000n\000t\000a\000t\000i\000o\000n\000\040\000d\000e\000f\000e\000c\000t\000s\000,\000\040\000a\000n\000d\000\040\000t\000h\000e\000\040\000f\000a\000i\000t\000h\000f\000u\000l\000\040\000r\000e\000-\000i\000m\000p\000l\000e\000m\000e\000n\000t\000a\000t\000i\000o\000n\000.}{subsection.3.4}% 20
\BOOKMARK [2][]{subsection.3.5}{\376\377\000D\000i\000s\000c\000o\000v\000e\000r\000y\000\040\000t\000i\000m\000e\000l\000i\000n\000e\000\040\000a\000n\000d\000\040\000p\000r\000e\000-\000r\000e\000g\000i\000s\000t\000r\000a\000t\000i\000o\000n\000\040\000s\000t\000a\000t\000u\000s}{section.3}% 21
\BOOKMARK [2][]{subsection.3.6}{\376\377\000M\000e\000t\000r\000i\000c\000s\000\040\000a\000n\000d\000\040\000u\000n\000c\000e\000r\000t\000a\000i\000n\000t\000y}{section.3}% 22
\BOOKMARK [2][]{subsection.3.7}{\376\377\000T\000e\000r\000m\000i\000n\000o\000l\000o\000g\000y\000,\000\040\000c\000l\000a\000i\000m\000\040\000h\000i\000e\000r\000a\000r\000c\000h\000y\000,\000\040\000a\000n\000d\000\040\000s\000t\000r\000a\000t\000i\000f\000i\000c\000a\000t\000i\000o\000n}{section.3}% 23
\BOOKMARK [1][]{section.4}{\376\377\000R\000e\000s\000u\000l\000t\000s}{}% 24
\BOOKMARK [2][]{subsection.4.1}{\376\377\000A\000d\000v\000e\000r\000s\000a\000r\000i\000a\000l\000\040\000p\000r\000o\000b\000e\000\040\000r\000e\000s\000p\000o\000n\000s\000e\000:\000\040\000a\000n\000\040\000a\000t\000t\000a\000c\000k\000\040\000r\000e\000s\000u\000l\000t\000,\000\040\000c\000o\000n\000f\000i\000r\000m\000e\000d\000\040\000a\000n\000d\000\040\000l\000o\000c\000a\000l\000i\000s\000e\000d}{section.4}% 25
\BOOKMARK [3][]{section*.17}{\376\377\000P\000r\000o\000b\000e\000\040\000m\000u\000l\000t\000i\000p\000l\000i\000c\000i\000t\000y\000\040\000a\000n\000d\000\040\000p\000o\000s\000t\000-\000s\000e\000l\000e\000c\000t\000i\000o\000n\000\040\000s\000t\000a\000t\000u\000s\000.}{subsection.4.1}% 26
\BOOKMARK [2][]{subsection.4.2}{\376\377\000R\000Q\0001\000:\000\040\000W\000h\000a\000t\000\040\000t\000h\000e\000\040\000f\000a\000i\000t\000h\000f\000u\000l\000\040\000r\000e\000-\000i\000m\000p\000l\000e\000m\000e\000n\000t\000a\000t\000i\000o\000n\000\040\000r\000e\000c\000o\000v\000e\000r\000s\000,\000\040\000a\000n\000d\000\040\000w\000h\000a\000t\000\040\000i\000t\000\040\000d\000o\000e\000s\000\040\000n\000o\000t}{section.4}% 27
\BOOKMARK [3][]{section*.21}{\376\377\000F\000i\000n\000d\000i\000n\000g\000\040\0001\000\040\000\050\000s\000u\000r\000f\000a\000c\000e\000\040\000c\000o\000m\000p\000e\000t\000e\000n\000c\000e\000\040\000l\000a\000r\000g\000e\000l\000y\000\040\000r\000e\000c\000o\000v\000e\000r\000e\000d\000\051\000.}{subsection.4.2}% 28
\BOOKMARK [4][]{section*.22}{\376\377\000F\000i\000n\000d\000i\000n\000g\000\040\0002\000\040\000\050\000t\000r\000a\000i\000n\000i\000n\000g\000-\000p\000o\000o\000l\000\040\000r\000e\000a\000d\000o\000u\000t\000\040\000s\000i\000g\000n\000a\000t\000u\000r\000e\000\040\000n\000o\000t\000\040\000r\000e\000c\000o\000v\000e\000r\000e\000d\000\051\000.}{section*.21}% 29
\BOOKMARK [4][]{section*.23}{\376\377\000F\000i\000n\000d\000i\000n\000g\000\040\0003\000\040\000\050\000p\000r\000o\000b\000e\000\040\000r\000e\000s\000p\000o\000n\000s\000e\000\040\000t\000r\000a\000c\000k\000s\000\040\000t\000h\000e\000\040\000s\000i\000g\000n\000a\000t\000u\000r\000e\000,\000\040\000n\000o\000t\000\040\000s\000u\000r\000f\000a\000c\000e\000\040\000c\000o\000m\000p\000e\000t\000e\000n\000c\000e\000\051\000.}{section*.21}% 30
\BOOKMARK [4][]{section*.26}{\376\377\000L\000e\000a\000k\000a\000g\000e\000\040\000s\000a\000n\000i\000t\000y\000\040\000c\000h\000e\000c\000k\000s\000\040\000f\000o\000r\000\040\000t\000h\000e\000\040\000t\000r\000a\000i\000n\000-\000p\000o\000o\000l\000\040\000r\000e\000a\000d\000o\000u\000t\000.}{section*.21}% 31
\BOOKMARK [4][]{section*.27}{\376\377\000D\000i\000s\000t\000i\000l\000l\000a\000t\000i\000o\000n\000\040\000a\000n\000d\000\040\000c\000o\000m\000p\000e\000t\000e\000n\000c\000e\000\040\000e\000x\000t\000r\000a\000p\000o\000l\000a\000t\000i\000o\000n\000.}{section*.21}% 32
\BOOKMARK [4][]{section*.28}{\376\377\000S\000y\000n\000t\000h\000e\000s\000i\000s\000.}{section*.21}% 33
\BOOKMARK [2][]{subsection.4.3}{\376\377\000D\000e\000s\000c\000r\000i\000p\000t\000i\000v\000e\000\040\000o\000b\000s\000e\000r\000v\000a\000t\000i\000o\000n\000:\000\040\000p\000r\000o\000b\000e\000\040\000n\000o\000n\000-\000r\000e\000p\000r\000o\000d\000u\000c\000t\000i\000o\000n\000\040\000a\000c\000r\000o\000s\000s\000\040\0006\0009\000\040\000c\000o\000n\000s\000t\000r\000u\000c\000t\000i\000b\000l\000e\000\040\000e\000v\000a\000l\000u\000a\000t\000o\000r\000s}{section.4}% 34
\BOOKMARK [3][]{section*.29}{\376\377\000C\000o\000m\000p\000e\000t\000e\000n\000c\000e\000\040\000g\000a\000t\000e\000\040\000a\000n\000d\000\040\000t\000r\000a\000j\000e\000c\000t\000o\000r\000y\000\040\000a\000n\000a\000l\000y\000s\000i\000s\000.}{subsection.4.3}% 35
\BOOKMARK [4][]{section*.30}{\376\377\000W\000h\000a\000t\000\040\000t\000h\000e\000\040\000r\000e\000l\000e\000a\000s\000e\000d\000\040\000t\000r\000a\000i\000n\000i\000n\000g\000\040\000l\000o\000g\000\040\000e\000s\000t\000a\000b\000l\000i\000s\000h\000e\000s\000.}{section*.29}% 36
\BOOKMARK [4][]{section*.32}{\376\377\000C\000r\000o\000s\000s\000-\000m\000e\000t\000r\000i\000c\000\040\000c\000o\000n\000s\000i\000s\000t\000e\000n\000c\000y\000\040\000\050\000S\000I\000\040\000T\000a\000b\000l\000e\000\040\000S\0003\0002\000\051\000.}{section*.29}% 37
\BOOKMARK [4][]{section*.33}{\376\377\000R\000a\000n\000k\000\040\000s\000t\000a\000b\000i\000l\000i\000t\000y\000\040\000\050\000S\000I\000\040\000S\000u\000p\000.\000\040\000H\000\051\000.}{section*.29}% 38
\BOOKMARK [4][]{section*.34}{\376\377\000R\000e\000f\000e\000r\000e\000n\000c\000e\000-\000f\000r\000a\000m\000e\000\040\000s\000e\000n\000s\000i\000t\000i\000v\000i\000t\000y\000:\000\040\000m\000a\000t\000c\000h\000e\000d\000-\000s\000u\000b\000s\000e\000t\000\040\000a\000n\000a\000l\000y\000s\000i\000s\000.}{section*.29}% 39
\BOOKMARK [2][]{subsection.4.4}{\376\377\000D\000o\000n\000o\000r\000-\000o\000r\000i\000g\000i\000n\000\040\000c\000o\000n\000t\000r\000a\000s\000t}{section.4}% 40
\BOOKMARK [3][]{section*.35}{\376\377\000M\000a\000t\000c\000h\000e\000d\000\040\000d\000o\000n\000o\000r\000-\000p\000o\000o\000l\000\040\000a\000n\000a\000l\000y\000s\000i\000s\000\040\000\050\000S\000M\000D\000<\0000\000.\0001\000\040\000c\000o\000n\000t\000r\000o\000l\000\051\000.}{subsection.4.4}% 41
\BOOKMARK [4][]{section*.36}{\376\377\000P\000o\000o\000l\000-\000s\000i\000z\000e\000-\000c\000o\000n\000t\000r\000o\000l\000l\000e\000d\000\040\000r\000e\000s\000a\000m\000p\000l\000i\000n\000g\000.}{section*.35}% 42
\BOOKMARK [4][]{section*.37}{\376\377\000B\000a\000l\000a\000n\000c\000e\000d\000\040\000f\000a\000c\000t\000o\000r\000i\000a\000l\000\040\000a\000n\000d\000\040\000p\000a\000t\000h\000\040\000d\000e\000c\000o\000m\000p\000o\000s\000i\000t\000i\000o\000n\000.}{section*.35}% 43
\BOOKMARK [2][]{subsection.4.5}{\376\377\000C\000o\000m\000p\000e\000t\000i\000t\000i\000v\000e\000-\000s\000y\000s\000t\000e\000m\000\040\000c\000o\000n\000t\000e\000x\000t}{section.4}% 44
\BOOKMARK [3][]{section*.38}{\376\377\000P\000e\000r\000-\000i\000t\000e\000m\000\040\000g\000a\000p\000\040\000d\000e\000c\000o\000m\000p\000o\000s\000i\000t\000i\000o\000n\000\040\000\050\000e\000x\000p\000e\000r\000i\000m\000e\000n\000t\000\040\000C\000,\000\040\000S\000I\000\040\000S\000u\000p\000.\000\040\000K\000\051\000.}{subsection.4.5}% 45
\BOOKMARK [1][]{section.5}{\376\377\000D\000i\000s\000c\000u\000s\000s\000i\000o\000n}{}% 46
\BOOKMARK [2][]{section*.39}{\376\377\000R\000e\000l\000a\000t\000i\000o\000n\000\040\000t\000o\000\040\000p\000r\000i\000o\000r\000\040\000w\000o\000r\000k\000.}{section.5}% 47
\BOOKMARK [3][]{section*.40}{\376\377\000S\000c\000o\000p\000e\000\040\000l\000i\000m\000i\000t\000a\000t\000i\000o\000n\000:\000\040\000o\000u\000r\000\040\000r\000e\000c\000o\000n\000s\000t\000r\000u\000c\000t\000i\000o\000n\000\040\000v\000s\000.\000\040\000p\000u\000b\000l\000i\000c\000-\000a\000r\000t\000i\000f\000a\000c\000t\000\040\000s\000u\000f\000f\000i\000c\000i\000e\000n\000c\000y\000.}{section*.39}% 48
\BOOKMARK [4][]{section*.41}{\376\377\000V\000a\000l\000u\000e\000,\000\040\000f\000i\000n\000d\000i\000n\000g\000,\000\040\000a\000n\000d\000\040\000c\000o\000n\000c\000l\000u\000s\000i\000o\000n\000\040\000r\000e\000p\000r\000o\000d\000u\000c\000i\000b\000i\000l\000i\000t\000y\000.}{section*.40}% 49
\BOOKMARK [4][]{section*.42}{\376\377\000A\000c\000t\000i\000o\000n\000a\000b\000l\000e\000\040\000r\000e\000c\000o\000m\000m\000e\000n\000d\000a\000t\000i\000o\000n\000s\000\040\000f\000o\000r\000\040\000b\000e\000n\000c\000h\000m\000a\000r\000k\000\040\000o\000r\000g\000a\000n\000i\000z\000e\000r\000s\000.}{section*.40}% 50
\BOOKMARK [4][]{section*.43}{\376\377\000L\000i\000m\000i\000t\000a\000t\000i\000o\000n\000s\000.}{section*.40}% 51
\BOOKMARK [1][]{section.6}{\376\377\000C\000o\000n\000c\000l\000u\000s\000i\000o\000n}{}% 52
\BOOKMARK [2][]{section*.45}{\376\377\000F\000u\000n\000d\000i\000n\000g\000.}{section.6}% 53
\BOOKMARK [3][]{section*.46}{\376\377\000C\000o\000n\000f\000l\000i\000c\000t\000\040\000o\000f\000\040\000i\000n\000t\000e\000r\000e\000s\000t\000.}{section*.45}% 54
\BOOKMARK [4][]{section*.47}{\376\377\000D\000a\000t\000a\000\040\000g\000o\000v\000e\000r\000n\000a\000n\000c\000e\000\040\000a\000n\000d\000\040\000e\000t\000h\000i\000c\000s\000.}{section*.46}% 55
\BOOKMARK [4][]{section*.48}{\376\377\000D\000a\000t\000a\000\040\000a\000v\000a\000i\000l\000a\000b\000i\000l\000i\000t\000y\000.}{section*.46}% 56
\BOOKMARK [4][]{section*.49}{\376\377\000A\000u\000t\000h\000o\000r\000\040\000c\000o\000n\000t\000r\000i\000b\000u\000t\000i\000o\000n\000.}{section*.46}% 57
\BOOKMARK [1][]{section*.50}{\376\377\000S\000u\000p\000p\000l\000e\000m\000e\000n\000t\000a\000r\000y\000\040\000I\000n\000f\000o\000r\000m\000a\000t\000i\000o\000n}{}% 58
