\BOOKMARK [1][]{section.1}{\376\377\000M\000i\000s\000s\000i\000n\000g\000\040\000T\000e\000s\000t\000\040\000I\000D\000\040\000S\000e\000n\000s\000i\000t\000i\000v\000i\000t\000y}{}% 1
\BOOKMARK [1][]{section.2}{\376\377\000P\000e\000r\000-\000s\000e\000e\000d\000\040\000E\000x\000t\000e\000n\000s\000i\000o\000n\000\040\000C\000e\000l\000l\000s\000\040\000\050\0007\0000\0007\040\023\0001\0004\0000\0005\000\051}{}% 2
\BOOKMARK [1][]{section.3}{\376\377\000A\000n\000a\000l\000y\000s\000i\000s\000\040\000P\000r\000o\000v\000e\000n\000a\000n\000c\000e\000\040\000a\000n\000d\000\040\000M\000u\000l\000t\000i\000p\000l\000i\000c\000i\000t\000y}{}% 3
\BOOKMARK [1][]{section.4}{\376\377\000C\000h\000e\000c\000k\000p\000o\000i\000n\000t\000\040\000R\000e\000g\000i\000s\000t\000r\000y}{}% 4
\BOOKMARK [1][]{section.5}{\376\377\000D\000o\000n\000o\000r\000-\000P\000o\000o\000l\000\040\000S\000u\000b\000s\000t\000i\000t\000u\000t\000i\000o\000n\000\040\000D\000e\000c\000o\000m\000p\000o\000s\000i\000t\000i\000o\000n\000\040\000D\000e\000t\000a\000i\000l\000s}{}% 5
\BOOKMARK [2][]{section*.8}{\376\377\000P\000a\000t\000h\000\040\000s\000e\000n\000s\000i\000t\000i\000v\000i\000t\000y\000.}{section.5}% 6
\BOOKMARK [3][]{section*.11}{\376\377\000B\000o\000o\000t\000s\000t\000r\000a\000p\000\040\000f\000a\000m\000i\000l\000y\000.}{section*.8}% 7
\BOOKMARK [4][]{section*.12}{\376\377\000F\000a\000c\000t\000o\000r\000i\000a\000l\000\040\000d\000e\000s\000i\000g\000n\000.}{section*.11}% 8
\BOOKMARK [4][]{section*.17}{\376\377\000M\000u\000l\000t\000i\000v\000a\000r\000i\000a\000t\000e\000\040\000b\000a\000l\000a\000n\000c\000e\000\040\000a\000n\000d\000\040\000r\000o\000b\000u\000s\000t\000n\000e\000s\000s\000.}{section*.11}% 9
\BOOKMARK [1][]{section.6}{\376\377\000C\000o\000n\000f\000i\000g\000-\000F\000a\000i\000t\000h\000f\000u\000l\000\040\000a\000n\000d\000\040\000P\000e\000r\000t\000u\000r\000b\000a\000t\000i\000o\000n\000\040\000D\000e\000t\000a\000i\000l\000s}{}% 10
\BOOKMARK [2][]{section*.20}{\376\377\000E\000p\000o\000c\000h\000-\000v\000a\000l\000i\000d\000a\000t\000i\000o\000n\000\040\000a\000p\000p\000r\000o\000x\000i\000m\000a\000t\000i\000o\000n\000.}{section.6}% 11
\BOOKMARK [3][]{section*.23}{\376\377\000P\000e\000r\000t\000u\000r\000b\000a\000t\000i\000o\000n\000\040\000b\000a\000t\000t\000e\000r\000y\000.}{section*.20}% 12
\BOOKMARK [1][]{section.7}{\376\377\000C\000l\000u\000s\000t\000e\000r\000-\000A\000w\000a\000r\000e\000\040\000B\000o\000o\000t\000s\000t\000r\000a\000p\000\040\000f\000o\000r\000\040\000H\000e\000a\000d\000l\000i\000n\000e\000\040\000a\000n\000d\000\040\000R\000e\000f\000e\000r\000e\000n\000c\000e\000\040\000A\000n\000a\000l\000y\000s\000e\000s}{}% 13
\BOOKMARK [1][]{section.8}{\376\377\000S\000u\000p\000p\000l\000e\000m\000e\000n\000t\000a\000r\000y\000\040\000O\000r\000a\000c\000l\000e\000\040\000D\000i\000a\000g\000n\000o\000s\000t\000i\000c\000s}{}% 14
\BOOKMARK [2][]{section*.28}{\376\377\000S\000o\000u\000r\000c\000e\000-\000c\000o\000n\000d\000i\000t\000i\000o\000n\000e\000d\000\040\000r\000e\000t\000r\000i\000e\000v\000a\000l\000\040\000i\000s\000\040\000l\000e\000g\000a\000l\000,\000\040\000o\000r\000a\000c\000l\000e\000-\000g\000l\000o\000s\000s\000\040\000r\000e\000t\000r\000i\000e\000v\000a\000l\000\040\000i\000s\000\040\000l\000e\000a\000k\000a\000g\000e\000.}{section.8}% 15
\BOOKMARK [3][]{section*.29}{\376\377\000D\000i\000s\000c\000l\000o\000s\000u\000r\000e\000\040\000o\000f\000\040\000s\000e\000l\000e\000c\000t\000i\000o\000n\000/\000e\000v\000a\000l\000u\000a\000t\000i\000o\000n\000\040\000r\000e\000u\000s\000e\000.}{section*.28}% 16
\BOOKMARK [4][]{section*.30}{\376\377\000C\000r\000o\000s\000s\000-\000c\000h\000e\000c\000k\000p\000o\000i\000n\000t\000\040\000t\000r\000a\000n\000s\000f\000e\000r\000\040\000m\000a\000t\000r\000i\000x\000.}{section*.29}% 17
\BOOKMARK [4][]{section*.31}{\376\377\000C\000a\000n\000d\000i\000d\000a\000t\000e\000-\000p\000o\000o\000l\000\040\000s\000i\000z\000e\000.}{section*.29}% 18
\BOOKMARK [4][]{section*.32}{\376\377\000R\000e\000f\000e\000r\000e\000n\000c\000e\000-\000o\000v\000e\000r\000l\000a\000p\000\040\000e\000x\000c\000l\000u\000s\000i\000o\000n\000.}{section*.29}% 19
\BOOKMARK [4][]{section*.33}{\376\377\000N\000o\000i\000s\000y\000-\000g\000l\000o\000s\000s\000\040\000r\000e\000t\000r\000i\000e\000v\000a\000l\000\040\000i\000s\000\040\000s\000p\000l\000i\000t\000-\000d\000e\000p\000e\000n\000d\000e\000n\000t\000.}{section*.29}% 20
\BOOKMARK [4][]{section*.34}{\376\377\000P\000H\000X\000-\000p\000u\000b\000l\000i\000c\000\040\000p\000u\000r\000e\000-\000d\000o\000n\000o\000r\000\040\000d\000o\000n\000o\000r\000-\000e\000x\000c\000l\000u\000s\000i\000o\000n\000\040\000-\000s\000w\000e\000e\000p\000.}{section*.29}% 21
\BOOKMARK [1][]{section.9}{\376\377\000T\000e\000m\000p\000l\000a\000t\000e\000-\000D\000e\000n\000s\000i\000t\000y\000,\000\040\000H\000o\000l\000d\000o\000u\000t\000\040\000B\000o\000u\000n\000d\000a\000r\000y\000,\000\040\000a\000n\000d\000\040\000D\000o\000n\000o\000r\000-\000E\000x\000c\000l\000u\000s\000i\000o\000n\000\040\000A\000n\000a\000l\000y\000s\000e\000s}{}% 22
\BOOKMARK [2][]{section*.37}{\376\377\000T\000e\000m\000p\000l\000a\000t\000e\000\040\000d\000e\000n\000s\000i\000t\000y\000\040\000d\000o\000e\000s\000\040\000n\000o\000t\000\040\000g\000a\000t\000e\000\040\000t\000h\000e\000\040\000r\000e\000v\000e\000r\000s\000a\000l\000.}{section.9}% 23
\BOOKMARK [3][]{section*.40}{\376\377\000H\000o\000l\000d\000o\000u\000t\000\040\000b\000o\000u\000n\000d\000a\000r\000y\000\040\000c\000o\000n\000t\000r\000o\000l\000s\000.}{section*.37}% 24
\BOOKMARK [4][]{section*.43}{\376\377\000F\000r\000o\000z\000e\000n\000\040\000t\000e\000m\000p\000l\000a\000t\000e\000-\000h\000o\000l\000d\000o\000u\000t\000\040\000w\000i\000t\000h\000\040\000r\000e\000t\000r\000a\000i\000n\000e\000d\000\040\000c\000o\000m\000p\000o\000n\000e\000n\000t\000s\000.}{section*.40}% 25
\BOOKMARK [1][]{section.10}{\376\377\000T\000r\000a\000n\000s\000c\000r\000i\000p\000t\000-\000S\000l\000o\000t\000\040\000D\000i\000a\000g\000n\000o\000s\000t\000i\000c\000\040\000D\000e\000t\000a\000i\000l\000s}{}% 26
\BOOKMARK [1][]{section.11}{\376\377\000C\000o\000m\000p\000e\000t\000e\000n\000c\000e\000\040\000E\000x\000t\000r\000a\000p\000o\000l\000a\000t\000i\000o\000n\000\040\000D\000e\000t\000a\000i\000l\000s\000\040\000\050\000E\000x\000p\000l\000o\000r\000a\000t\000o\000r\000y\000\051}{}% 27
\BOOKMARK [2][]{section*.46}{\376\377\000M\000e\000t\000h\000o\000d\000.}{section.11}% 28
\BOOKMARK [3][]{section*.47}{\376\377\000R\000e\000s\000u\000l\000t\000s\000.}{section*.46}% 29
\BOOKMARK [4][]{section*.52}{\376\377\000C\000a\000v\000e\000a\000t\000s\000.}{section*.47}% 30
\BOOKMARK [1][]{section.12}{\376\377\000S\000u\000p\000p\000l\000e\000m\000e\000n\000t\000a\000r\000y\000\040\000C\000S\000L\000-\000D\000a\000i\000l\000y\000\040\000B\000o\000u\000n\000d\000a\000r\000y\000\040\000C\000o\000n\000t\000r\000o\000l}{}% 31
\BOOKMARK [1][]{section.13}{\376\377\000L\000e\000a\000k\000a\000g\000e\000\040\000S\000a\000n\000i\000t\000y\000\040\000C\000h\000e\000c\000k\000s\000\040\000f\000o\000r\000\040\000T\000r\000a\000i\000n\000-\000P\000o\000o\000l\000\040\000R\000e\000a\000d\000o\000u\000t}{}% 32
\BOOKMARK [2][]{section*.55}{\376\377\000E\000x\000p\000e\000r\000i\000m\000e\000n\000t\000\040\000A\000:\000\040\000C\000o\000d\000e\000-\000p\000a\000t\000h\000\040\000a\000u\000d\000i\000t\000.}{section.13}% 33
\BOOKMARK [3][]{section*.56}{\376\377\000E\000x\000p\000e\000r\000i\000m\000e\000n\000t\000\040\000B\000:\000\040\000P\000o\000s\000e\040\023\000t\000e\000x\000t\000\040\000p\000e\000r\000m\000u\000t\000a\000t\000i\000o\000n\000.}{section*.55}% 34
\BOOKMARK [4][]{section*.59}{\376\377\000E\000x\000p\000e\000r\000i\000m\000e\000n\000t\000\040\000B\000'\000:\000\040\000I\000n\000p\000u\000t\000-\000s\000i\000d\000e\000\040\000p\000o\000s\000e\000\040\000p\000e\000r\000m\000u\000t\000a\000t\000i\000o\000n\000\040\000w\000i\000t\000h\000\040\000o\000u\000t\000p\000u\000t\000-\000e\000q\000u\000i\000v\000a\000r\000i\000a\000n\000c\000e\000.}{section*.56}% 35
\BOOKMARK [4][]{section*.62}{\376\377\000E\000x\000p\000e\000r\000i\000m\000e\000n\000t\000\040\000C\000:\000\040\000D\000e\000t\000e\000r\000m\000i\000n\000i\000s\000m\000.}{section*.56}% 36
\BOOKMARK [4][]{section*.63}{\376\377\000E\000x\000p\000e\000r\000i\000m\000e\000n\000t\000\040\000D\000:\000\040\000S\000t\000r\000a\000t\000i\000f\000i\000e\000d\000\040\000E\000M\000.}{section*.56}% 37
\BOOKMARK [4][]{section*.66}{\376\377\000E\000x\000p\000e\000r\000i\000m\000e\000n\000t\000\040\000E\000:\000\040\000S\000a\000m\000e\000-\000s\000i\000g\000n\000e\000r\000\040\000h\000e\000l\000d\000-\000o\000u\000t\000\040\000c\000o\000n\000t\000r\000o\000l\000.}{section*.56}% 38
\BOOKMARK [1][]{section.14}{\376\377\000P\000r\000e\000-\000E\000x\000c\000l\000u\000s\000i\000o\000n\000\040\000M\000a\000t\000e\000r\000i\000a\000l\000i\000z\000a\000t\000i\000o\000n\000\040\000S\000e\000n\000s\000i\000t\000i\000v\000i\000t\000y}{}% 39
\BOOKMARK [2][]{section*.69}{\376\377\000P\000e\000r\000-\000i\000t\000e\000m\000\040\000p\000r\000o\000v\000e\000n\000a\000n\000c\000e\000.}{section.14}% 40
\BOOKMARK [3][]{section*.70}{\376\377\0001\0004\000-\000r\000e\000c\000o\000n\000s\000t\000r\000u\000c\000t\000i\000o\000n\000\040\000s\000e\000n\000s\000i\000t\000i\000v\000i\000t\000y\000.}{section*.69}% 41
\BOOKMARK [1][]{section.15}{\376\377\000B\000L\000E\000U\000R\000T\000-\000S\000u\000b\000s\000t\000i\000t\000u\000t\000e\000\040\000V\000a\000l\000i\000d\000a\000t\000i\000o\000n}{}% 42
\BOOKMARK [2][]{section*.71}{\376\377\000V\000a\000l\000i\000d\000a\000t\000i\000o\000n\000.}{section.15}% 43
\BOOKMARK [3][]{section*.72}{\376\377\000S\000c\000o\000p\000e\000\040\000l\000i\000m\000i\000t\000.}{section*.71}% 44
