This is pdfTeX, Version 3.141592653-2.6-1.40.22 (TeX Live 2022/dev/Debian) (preloaded format=pdflatex 2026.6.2)  17 AUG 2026 03:15
entering extended mode
 restricted \write18 enabled.
 %&-line parsing enabled.
**supplementary.tex
(./supplementary.tex
LaTeX2e <2021-11-15> patch level 1
L3 programming layer <2022-01-21> (./sn-jnl.cls
Document Class: sn-jnl 2019/11/18 v0.1: An authoring template for Springer Jour
nal articles
(/usr/share/texlive/texmf-dist/tex/latex/base/article.cls
Document Class: article 2021/10/04 v1.4n Standard LaTeX document class
(/usr/share/texlive/texmf-dist/tex/latex/base/fleqn.clo
File: fleqn.clo 2016/12/29 v1.2b Standard LaTeX option (flush left equations)
\mathindent=\skip47
Applying: [2015/01/01] Make \[ robust on input line 50.
LaTeX Info: Redefining \[ on input line 51.
Already applied: [0000/00/00] Make \[ robust on input line 62.
Applying: [2015/01/01] Make \] robust on input line 74.
LaTeX Info: Redefining \] on input line 75.
Already applied: [0000/00/00] Make \] robust on input line 83.
)
(/usr/share/texlive/texmf-dist/tex/latex/base/size10.clo
File: size10.clo 2021/10/04 v1.4n Standard LaTeX file (size option)
)
\c@part=\count185
\c@section=\count186
\c@subsection=\count187
\c@subsubsection=\count188
\c@paragraph=\count189
\c@subparagraph=\count190
\c@figure=\count191
\c@table=\count192
\abovecaptionskip=\skip48
\belowcaptionskip=\skip49
\bibindent=\dimen138
)
LaTeX Info: Redefining \rm on input line 146.
LaTeX Info: Redefining \sf on input line 147.
LaTeX Info: Redefining \tt on input line 148.
LaTeX Info: Redefining \bf on input line 149.
LaTeX Info: Redefining \it on input line 150.
LaTeX Info: Redefining \sl on input line 151.
LaTeX Info: Redefining \sc on input line 152.
LaTeX Info: Redefining \cal on input line 153.
LaTeX Info: Redefining \mit on input line 154.
LaTeX Info: Redefining \textsubscript on input line 212.
\columnhsize=\skip50

(/usr/share/texlive/texmf-dist/tex/latex/geometry/geometry.sty
Package: geometry 2020/01/02 v5.9 Page Geometry

(/usr/share/texlive/texmf-dist/tex/latex/graphics/keyval.sty
Package: keyval 2014/10/28 v1.15 key=value parser (DPC)
\KV@toks@=\toks16
)
(/usr/share/texlive/texmf-dist/tex/generic/iftex/ifvtex.sty
Package: ifvtex 2019/10/25 v1.7 ifvtex legacy package. Use iftex instead.

(/usr/share/texlive/texmf-dist/tex/generic/iftex/iftex.sty
Package: iftex 2020/03/06 v1.0d TeX engine tests
))
\Gm@cnth=\count193
\Gm@cntv=\count194
\c@Gm@tempcnt=\count195
\Gm@bindingoffset=\dimen139
\Gm@wd@mp=\dimen140
\Gm@odd@mp=\dimen141
\Gm@even@mp=\dimen142
\Gm@layoutwidth=\dimen143
\Gm@layoutheight=\dimen144
\Gm@layouthoffset=\dimen145
\Gm@layoutvoffset=\dimen146
\Gm@dimlist=\toks17
)
\artcatbox=\box50
\aucount=\count196
\corraucount=\count197
\punctcount=\count198
\emailcnt=\count199
\c@affn=\count266
\addcount=\count267
\PacsCount=\count268
\PacsTmpCnt=\count269
\FMremarkdim=\dimen147
\fmremarkbox=\box51

(/usr/share/texlive/texmf-dist/tex/latex/sttools/cuted.sty
Package: cuted 2021/10/04 v2.0 Mixing onecolumn and twocolumn modes
\At@ViperColsBreak=\toks18
\preCutedStrip=\toks19
\postCutedStrip=\toks20
\cuted@@tempbox@a=\box52
\cuted@@tempbox@c=\box53
\cuted@@tempbox@var=\box54
\hold@viper=\box55
\@viper=\box56
\cuted@@varbox@a=\box57
\cuted@@varbox@c=\box58
\cuted@@tempdim@spread=\dimen148
\cuted@@tempdim@a=\dimen149
\cuted@@tempdim@b=\dimen150
\ht@hold@viper=\dimen151
\ht@viper=\dimen152
\var@@pagediscards@ht=\dimen153
\stripsep=\skip51
\viper@penalty=\count270
)
\firstpagehtcheck=\dimen154
\labelwidthi=\dimen155
\labelwidthii=\dimen156
\labelwidthiii=\dimen157
\labelwidthiv=\dimen158
\figwidth=\dimen159
\figheight=\dimen160
\sidecapwidth=\dimen161
\wrapcapline=\dimen162
\totalwrapline=\dimen163
\wraptotline=\dimen164
\figurebox=\box59
\wrapfigcapbox=\box60
\figcapbox=\box61
\capbox=\box62
\headwidthskip=\skip52
\tabcapbox=\box63
\temptbox=\box64
\tempdime=\dimen165
\tabhtdime=\dimen166

(/usr/share/texlive/texmf-dist/tex/latex/graphics/rotating.sty
Package: rotating 2016/08/11 v2.16d rotated objects in LaTeX

(/usr/share/texlive/texmf-dist/tex/latex/graphics/graphicx.sty
Package: graphicx 2021/09/16 v1.2d Enhanced LaTeX Graphics (DPC,SPQR)

(/usr/share/texlive/texmf-dist/tex/latex/graphics/graphics.sty
Package: graphics 2021/03/04 v1.4d Standard LaTeX Graphics (DPC,SPQR)

(/usr/share/texlive/texmf-dist/tex/latex/graphics/trig.sty
Package: trig 2021/08/11 v1.11 sin cos tan (DPC)
)
(/usr/share/texlive/texmf-dist/tex/latex/graphics-cfg/graphics.cfg
File: graphics.cfg 2016/06/04 v1.11 sample graphics configuration
)
Package graphics Info: Driver file: pdftex.def on input line 107.

(/usr/share/texlive/texmf-dist/tex/latex/graphics-def/pdftex.def
File: pdftex.def 2020/10/05 v1.2a Graphics/color driver for pdftex
))
\Gin@req@height=\dimen167
\Gin@req@width=\dimen168
)
(/usr/share/texlive/texmf-dist/tex/latex/base/ifthen.sty
Package: ifthen 2020/11/24 v1.1c Standard LaTeX ifthen package (DPC)
)
\c@r@tfl@t=\count271
\rotFPtop=\skip53
\rotFPbot=\skip54
\rot@float@box=\box65
\rot@mess@toks=\toks21
)
(/usr/share/texlive/texmf-dist/tex/latex/threeparttable/threeparttable.sty
Package: threeparttable 2003/06/13  v 3.0
\@tempboxb=\box66
)
(/usr/share/texlive/texmf-dist/tex/latex/appendix/appendix.sty
Package: appendix 2020/02/08 v1.2c extra appendix facilities
\c@@pps=\count272
\c@@ppsavesec=\count273
\c@@ppsaveapp=\count274
)
(/usr/share/texlive/texmf-dist/tex/latex/hyperref/hyperref.sty
Package: hyperref 2021-06-07 v7.00m Hypertext links for LaTeX

(/usr/share/texlive/texmf-dist/tex/generic/ltxcmds/ltxcmds.sty
Package: ltxcmds 2020-05-10 v1.25 LaTeX kernel commands for general use (HO)
)
(/usr/share/texlive/texmf-dist/tex/generic/pdftexcmds/pdftexcmds.sty
Package: pdftexcmds 2020-06-27 v0.33 Utility functions of pdfTeX for LuaTeX (HO
)

(/usr/share/texlive/texmf-dist/tex/generic/infwarerr/infwarerr.sty
Package: infwarerr 2019/12/03 v1.5 Providing info/warning/error messages (HO)
)
Package pdftexcmds Info: \pdf@primitive is available.
Package pdftexcmds Info: \pdf@ifprimitive is available.
Package pdftexcmds Info: \pdfdraftmode found.
)
(/usr/share/texlive/texmf-dist/tex/generic/kvsetkeys/kvsetkeys.sty
Package: kvsetkeys 2019/12/15 v1.18 Key value parser (HO)
)
(/usr/share/texlive/texmf-dist/tex/generic/kvdefinekeys/kvdefinekeys.sty
Package: kvdefinekeys 2019-12-19 v1.6 Define keys (HO)
)
(/usr/share/texlive/texmf-dist/tex/generic/pdfescape/pdfescape.sty
Package: pdfescape 2019/12/09 v1.15 Implements pdfTeX's escape features (HO)
)
(/usr/share/texlive/texmf-dist/tex/latex/hycolor/hycolor.sty
Package: hycolor 2020-01-27 v1.10 Color options for hyperref/bookmark (HO)
)
(/usr/share/texlive/texmf-dist/tex/latex/letltxmacro/letltxmacro.sty
Package: letltxmacro 2019/12/03 v1.6 Let assignment for LaTeX macros (HO)
)
(/usr/share/texlive/texmf-dist/tex/latex/auxhook/auxhook.sty
Package: auxhook 2019-12-17 v1.6 Hooks for auxiliary files (HO)
)
(/usr/share/texlive/texmf-dist/tex/latex/kvoptions/kvoptions.sty
Package: kvoptions 2020-10-07 v3.14 Key value format for package options (HO)
)
\@linkdim=\dimen169
\Hy@linkcounter=\count275
\Hy@pagecounter=\count276

(/usr/share/texlive/texmf-dist/tex/latex/hyperref/pd1enc.def
File: pd1enc.def 2021-06-07 v7.00m Hyperref: PDFDocEncoding definition (HO)
Now handling font encoding PD1 ...
... no UTF-8 mapping file for font encoding PD1
)
(/usr/share/texlive/texmf-dist/tex/latex/hyperref/hyperref-langpatches.def
File: hyperref-langpatches.def 2021-06-07 v7.00m Hyperref: patches for babel la
nguages
)
(/usr/share/texlive/texmf-dist/tex/generic/intcalc/intcalc.sty
Package: intcalc 2019/12/15 v1.3 Expandable calculations with integers (HO)
)
(/usr/share/texlive/texmf-dist/tex/generic/etexcmds/etexcmds.sty
Package: etexcmds 2019/12/15 v1.7 Avoid name clashes with e-TeX commands (HO)
)
\Hy@SavedSpaceFactor=\count277

(/usr/share/texlive/texmf-dist/tex/latex/hyperref/puenc.def
File: puenc.def 2021-06-07 v7.00m Hyperref: PDF Unicode definition (HO)
Now handling font encoding PU ...
... no UTF-8 mapping file for font encoding PU
)
Package hyperref Info: Hyper figures OFF on input line 4192.
Package hyperref Info: Link nesting OFF on input line 4197.
Package hyperref Info: Hyper index ON on input line 4200.
Package hyperref Info: Plain pages OFF on input line 4207.
Package hyperref Info: Backreferencing OFF on input line 4212.
Package hyperref Info: Implicit mode ON; LaTeX internals redefined.
Package hyperref Info: Bookmarks ON on input line 4445.
\c@Hy@tempcnt=\count278

(/usr/share/texlive/texmf-dist/tex/latex/url/url.sty
\Urlmuskip=\muskip16
Package: url 2013/09/16  ver 3.4  Verb mode for urls, etc.
)
LaTeX Info: Redefining \url on input line 4804.
\XeTeXLinkMargin=\dimen170

(/usr/share/texlive/texmf-dist/tex/generic/bitset/bitset.sty
Package: bitset 2019/12/09 v1.3 Handle bit-vector datatype (HO)

(/usr/share/texlive/texmf-dist/tex/generic/bigintcalc/bigintcalc.sty
Package: bigintcalc 2019/12/15 v1.5 Expandable calculations on big integers (HO
)
))
\Fld@menulength=\count279
\Field@Width=\dimen171
\Fld@charsize=\dimen172
Package hyperref Info: Hyper figures OFF on input line 6076.
Package hyperref Info: Link nesting OFF on input line 6081.
Package hyperref Info: Hyper index ON on input line 6084.
Package hyperref Info: backreferencing OFF on input line 6091.
Package hyperref Info: Link coloring OFF on input line 6096.
Package hyperref Info: Link coloring with OCG OFF on input line 6101.
Package hyperref Info: PDF/A mode OFF on input line 6106.
LaTeX Info: Redefining \ref on input line 6146.
LaTeX Info: Redefining \pageref on input line 6150.

(/usr/share/texlive/texmf-dist/tex/latex/base/atbegshi-ltx.sty
Package: atbegshi-ltx 2021/01/10 v1.0c Emulation of the original atbegshi
package with kernel methods
)
\Hy@abspage=\count280
\c@Item=\count281
\c@Hfootnote=\count282
)
Package hyperref Info: Driver (autodetected): hpdftex.

(/usr/share/texlive/texmf-dist/tex/latex/hyperref/hpdftex.def
File: hpdftex.def 2021-06-07 v7.00m Hyperref driver for pdfTeX

(/usr/share/texlive/texmf-dist/tex/latex/base/atveryend-ltx.sty
Package: atveryend-ltx 2020/08/19 v1.0a Emulation of the original atveryend pac
kage
with kernel methods
)
\Fld@listcount=\count283
\c@bookmark@seq@number=\count284

(/usr/share/texlive/texmf-dist/tex/latex/rerunfilecheck/rerunfilecheck.sty
Package: rerunfilecheck 2019/12/05 v1.9 Rerun checks for auxiliary files (HO)

(/usr/share/texlive/texmf-dist/tex/generic/uniquecounter/uniquecounter.sty
Package: uniquecounter 2019/12/15 v1.4 Provide unlimited unique counter (HO)
)
Package uniquecounter Info: New unique counter `rerunfilecheck' on input line 2
86.
)
\Hy@SectionHShift=\skip55
)
Package hyperref Info: Option `colorlinks' set `true' on input line 1471.
Package hyperref Info: Option `breaklinks' set `true' on input line 1471.
Package hyperref Info: Option `plainpages' set `false' on input line 1471.
Package hyperref Info: Option `bookmarksopen' set `true' on input line 1471.
Package hyperref Info: Option `bookmarksnumbered' set `false' on input line 147
1.

(/usr/share/texlive/texmf-dist/tex/latex/wrapfig/wrapfig.sty
\wrapoverhang=\dimen173
\WF@size=\dimen174
\c@WF@wrappedlines=\count285
\WF@box=\box67
\WF@everypar=\toks22
Package: wrapfig 2003/01/31  v 3.6
)
\wraplines=\count286
\@authorfigbox=\box68
\@authorfigboxdim=\skip56
\biofigadjskip=\skip57

(/usr/share/texlive/texmf-dist/tex/latex/amscls/amsthm.sty
Package: amsthm 2020/05/29 v2.20.6
\thm@style=\toks23
\thm@bodyfont=\toks24
\thm@headfont=\toks25
\thm@notefont=\toks26
\thm@headpunct=\toks27
\thm@preskip=\skip58
\thm@postskip=\skip59
\thm@headsep=\skip60
\dth@everypar=\toks28
)
(/usr/share/texlive/texmf-dist/tex/latex/base/fix-cm.sty
Package: fix-cm 2020/11/24 v1.1t fixes to LaTeX

(/usr/share/texlive/texmf-dist/tex/latex/base/ts1enc.def
File: ts1enc.def 2001/06/05 v3.0e (jk/car/fm) Standard LaTeX file
LaTeX Font Info:    Redeclaring font encoding TS1 on input line 47.
))
(/usr/share/texlive/texmf-dist/tex/latex/natbib/natbib.sty
Package: natbib 2010/09/13 8.31b (PWD, AO)
\bibhang=\skip61
\bibsep=\skip62
LaTeX Info: Redefining \cite on input line 694.
\c@NAT@ctr=\count287
)
Package hyperref Info: Option `colorlinks' set `false' on input line 1725.
)
(/usr/share/texlive/texmf-dist/tex/latex/booktabs/booktabs.sty
Package: booktabs 2020/01/12 v1.61803398 Publication quality tables
\heavyrulewidth=\dimen175
\lightrulewidth=\dimen176
\cmidrulewidth=\dimen177
\belowrulesep=\dimen178
\belowbottomsep=\dimen179
\aboverulesep=\dimen180
\abovetopsep=\dimen181
\cmidrulesep=\dimen182
\cmidrulekern=\dimen183
\defaultaddspace=\dimen184
\@cmidla=\count288
\@cmidlb=\count289
\@aboverulesep=\dimen185
\@belowrulesep=\dimen186
\@thisruleclass=\count290
\@lastruleclass=\count291
\@thisrulewidth=\dimen187
)
(/usr/share/texlive/texmf-dist/tex/latex/amsmath/amsmath.sty
Package: amsmath 2021/10/15 v2.17l AMS math features
\@mathmargin=\skip63

For additional information on amsmath, use the `?' option.
(/usr/share/texlive/texmf-dist/tex/latex/amsmath/amstext.sty
Package: amstext 2021/08/26 v2.01 AMS text

(/usr/share/texlive/texmf-dist/tex/latex/amsmath/amsgen.sty
File: amsgen.sty 1999/11/30 v2.0 generic functions
\@emptytoks=\toks29
\ex@=\dimen188
))
(/usr/share/texlive/texmf-dist/tex/latex/amsmath/amsbsy.sty
Package: amsbsy 1999/11/29 v1.2d Bold Symbols
\pmbraise@=\dimen189
)
(/usr/share/texlive/texmf-dist/tex/latex/amsmath/amsopn.sty
Package: amsopn 2021/08/26 v2.02 operator names
)
\inf@bad=\count292
LaTeX Info: Redefining \frac on input line 234.
\uproot@=\count293
\leftroot@=\count294
LaTeX Info: Redefining \overline on input line 399.
\classnum@=\count295
\DOTSCASE@=\count296
LaTeX Info: Redefining \ldots on input line 496.
LaTeX Info: Redefining \dots on input line 499.
LaTeX Info: Redefining \cdots on input line 620.
\Mathstrutbox@=\box69
\strutbox@=\box70
\big@size=\dimen190
LaTeX Font Info:    Redeclaring font encoding OML on input line 743.
LaTeX Font Info:    Redeclaring font encoding OMS on input line 744.
\macc@depth=\count297
\c@MaxMatrixCols=\count298
\dotsspace@=\muskip17
\c@parentequation=\count299
\dspbrk@lvl=\count300
\tag@help=\toks30
\row@=\count301
\column@=\count302
\maxfields@=\count303
\andhelp@=\toks31
\eqnshift@=\dimen191
\alignsep@=\dimen192
\tagshift@=\dimen193
\tagwidth@=\dimen194
\totwidth@=\dimen195
\lineht@=\dimen196
\@envbody=\toks32
\multlinegap=\skip64
\multlinetaggap=\skip65
\mathdisplay@stack=\toks33
LaTeX Info: Redefining \[ on input line 2938.
LaTeX Info: Redefining \] on input line 2939.
)
(/usr/share/texlive/texmf-dist/tex/latex/amsfonts/amssymb.sty
Package: amssymb 2013/01/14 v3.01 AMS font symbols

(/usr/share/texlive/texmf-dist/tex/latex/amsfonts/amsfonts.sty
Package: amsfonts 2013/01/14 v3.01 Basic AMSFonts support
\symAMSa=\mathgroup4
\symAMSb=\mathgroup5
LaTeX Font Info:    Redeclaring math symbol \hbar on input line 98.
LaTeX Font Info:    Overwriting math alphabet `\mathfrak' in version `bold'
(Font)                  U/euf/m/n --> U/euf/b/n on input line 106.
))
(/usr/share/texlive/texmf-dist/tex/latex/tools/array.sty
Package: array 2021/10/04 v2.5f Tabular extension package (FMi)
\col@sep=\dimen197
\ar@mcellbox=\box71
\extrarowheight=\dimen198
\NC@list=\toks34
\extratabsurround=\skip66
\backup@length=\skip67
\ar@cellbox=\box72
)
(/usr/share/texlive/texmf-dist/tex/latex/caption/caption.sty
Package: caption 2020/10/26 v3.5g Customizing captions (AR)

(/usr/share/texlive/texmf-dist/tex/latex/caption/caption3.sty
Package: caption3 2020/10/21 v2.2e caption3 kernel (AR)
\captionmargin=\dimen199
\captionmargin@=\dimen256
\captionwidth=\dimen257
\caption@tempdima=\dimen258
\caption@indent=\dimen259
\caption@parindent=\dimen260
\caption@hangindent=\dimen261
Package caption Info: Unknown document class (or package),
(caption)             standard defaults will be used.
Package caption Info: \@makecaption = \long macro:#1#2->\ifx \FigName \@captype
 \vskip \abovecaptionskip \@figurecaption {#1}{#2} \else \@tablecaption {#1}{#2
} \vskip \belowcaptionskip \fi  on input line 1139.
)

Package caption Warning: Unknown document class (or package),
(caption)                standard defaults will be used.
See the caption package documentation for explanation.

\c@caption@flags=\count304
\c@continuedfloat=\count305
Package caption Info: hyperref package is loaded.
Package caption Info: rotating package is loaded.
Package caption Info: threeparttable package is loaded.
Package caption Info: wrapfig package is loaded.
) (/usr/share/texlive/texmf-dist/tex/latex/hyperref/xr-hyper.sty
Package: xr-hyper 2021-06-07 v7.00m eXternal References (DPC)


Package xr-hyper Warning: Load package `hyperref' after `xr-hyper'.

)
Package xr Info: IMPORTING LABELS FROM main_lre_xr.aux on input line 16.
 (/usr/share/texlive/texmf-dist/tex/latex/l3backend/l3backend-pdftex.def
File: l3backend-pdftex.def 2022-01-12 L3 backend support: PDF output (pdfTeX)
\l__color_backend_stack_int=\count306
\l__pdf_internal_box=\box73
)
(./supplementary.aux)
\openout1 = `supplementary.aux'.

LaTeX Font Info:    Checking defaults for OML/cmm/m/it on input line 22.
LaTeX Font Info:    ... okay on input line 22.
LaTeX Font Info:    Checking defaults for OMS/cmsy/m/n on input line 22.
LaTeX Font Info:    ... okay on input line 22.
LaTeX Font Info:    Checking defaults for OT1/cmr/m/n on input line 22.
LaTeX Font Info:    ... okay on input line 22.
LaTeX Font Info:    Checking defaults for T1/cmr/m/n on input line 22.
LaTeX Font Info:    ... okay on input line 22.
LaTeX Font Info:    Checking defaults for TS1/cmr/m/n on input line 22.
LaTeX Font Info:    ... okay on input line 22.
LaTeX Font Info:    Checking defaults for OMX/cmex/m/n on input line 22.
LaTeX Font Info:    ... okay on input line 22.
LaTeX Font Info:    Checking defaults for U/cmr/m/n on input line 22.
LaTeX Font Info:    ... okay on input line 22.
LaTeX Font Info:    Checking defaults for PD1/pdf/m/n on input line 22.
LaTeX Font Info:    ... okay on input line 22.
LaTeX Font Info:    Checking defaults for PU/pdf/m/n on input line 22.
LaTeX Font Info:    ... okay on input line 22.

*geometry* driver: auto-detecting
*geometry* detected driver: pdftex
*geometry* verbose mode - [ preamble ] result:
* driver: pdftex
* paper: custom
* layout: <same size as paper>
* layoutoffset:(h,v)=(0.0pt,0.0pt)
* bindingoffset: 17.07164pt
* modes: twoside 
* h-part:(L,W,R)=(83.37448pt, 372.0pt, 125.06175pt)
* v-part:(T,H,B)=(73.97716pt, 552.69478pt, 218.37491pt)
* \paperwidth=597.50787pt
* \paperheight=845.04684pt
* \textwidth=372.0pt
* \textheight=552.69478pt
* \oddsidemargin=28.17613pt
* \evensidemargin=52.79176pt
* \topmargin=-19.72638pt
* \headheight=5.5pt
* \headsep=15.93355pt
* \topskip=10.0pt
* \footskip=28.45274pt
* \marginparwidth=34.1433pt
* \marginparsep=14.22636pt
* \columnsep=14.22636pt
* \skip\footins=8.0pt plus 4.0pt
* \hoffset=0.0pt
* \voffset=0.0pt
* \mag=1000
* \@twocolumnfalse
* \@twosidetrue
* \@mparswitchtrue
* \@reversemargintrue
* (1in=72.27pt=25.4mm, 1cm=28.453pt)

(/usr/share/texlive/texmf-dist/tex/context/base/mkii/supp-pdf.mkii
[Loading MPS to PDF converter (version 2006.09.02).]
\scratchcounter=\count307
\scratchdimen=\dimen262
\scratchbox=\box74
\nofMPsegments=\count308
\nofMParguments=\count309
\everyMPshowfont=\toks35
\MPscratchCnt=\count310
\MPscratchDim=\dimen263
\MPnumerator=\count311
\makeMPintoPDFobject=\count312
\everyMPtoPDFconversion=\toks36
) (/usr/share/texlive/texmf-dist/tex/latex/epstopdf-pkg/epstopdf-base.sty
Package: epstopdf-base 2020-01-24 v2.11 Base part for package epstopdf
Package epstopdf-base Info: Redefining graphics rule for `.eps' on input line 4
85.

(/usr/share/texlive/texmf-dist/tex/latex/latexconfig/epstopdf-sys.cfg
File: epstopdf-sys.cfg 2010/07/13 v1.3 Configuration of (r)epstopdf for TeX Liv
e
))
LaTeX Info: Redefining \S on input line 22.
LaTeX Font Info:    Redeclaring symbol font `AMSa' on input line 22.
LaTeX Font Info:    Overwriting symbol font `AMSa' in version `normal'
(Font)                  U/msa/m/n --> U/msa/m/n on input line 22.
LaTeX Font Info:    Overwriting symbol font `AMSa' in version `bold'
(Font)                  U/msa/m/n --> U/msa/m/n on input line 22.
Package hyperref Info: Link coloring OFF on input line 22.

(/usr/share/texlive/texmf-dist/tex/latex/hyperref/nameref.sty
Package: nameref 2021-04-02 v2.47 Cross-referencing by name of section

(/usr/share/texlive/texmf-dist/tex/latex/refcount/refcount.sty
Package: refcount 2019/12/15 v3.6 Data extraction from label references (HO)
)
(/usr/share/texlive/texmf-dist/tex/generic/gettitlestring/gettitlestring.sty
Package: gettitlestring 2019/12/15 v1.6 Cleanup title references (HO)
)
\c@section@level=\count313
)
LaTeX Info: Redefining \ref on input line 22.
LaTeX Info: Redefining \pageref on input line 22.
LaTeX Info: Redefining \nameref on input line 22.

(./supplementary.out) (./supplementary.out)
\@outlinefile=\write3
\openout3 = `supplementary.out'.

Package caption Info: Begin \AtBeginDocument code.
Package caption Info: End \AtBeginDocument code.
LaTeX Font Info:    Calculating math sizes for size <12.045> on input line 24.
LaTeX Font Info:    Trying to load font information for U+msa on input line 24.


(/usr/share/texlive/texmf-dist/tex/latex/amsfonts/umsa.fd
File: umsa.fd 2013/01/14 v3.01 AMS symbols A
)
LaTeX Font Info:    Trying to load font information for U+msb on input line 24.


(/usr/share/texlive/texmf-dist/tex/latex/amsfonts/umsb.fd
File: umsb.fd 2013/01/14 v3.01 AMS symbols B
)
LaTeX Font Info:    Calculating math sizes for size <11.04124> on input line 24
.
LaTeX Font Info:    Calculating math sizes for size <10.03749> on input line 24
.

Underfull \hbox (badness 10000) in paragraph at lines 34--35
\OT1/cmr/m/n/10 The offi-cial PHOENIX-2014T meta-data con-tain 7,096/519/642
 []


Underfull \hbox (badness 10000) in paragraph at lines 34--35
\OT1/cmr/m/n/10 train/development/test IDs. The released SLRTP2025 pose records
 avail-
 []


Underfull \hbox (badness 10000) in paragraph at lines 34--35
\OT1/cmr/m/n/10 able to this study con-tain 7,060/515/641 sequences: 36/4/1 off
i-cial
 []


Underfull \hbox (badness 7540) in paragraph at lines 34--35
\OT1/cmr/m/n/10 IDs are absent from the released pose mate-ri-al-iza-tion. Thei
r IDs and
 []


Underfull \hbox (badness 10000) in paragraph at lines 34--35
\OT1/cmr/m/n/10 the rea-son \OT1/cmtt/m/n/10.03749 absent[]from[]slrtp2025[]rel
eased[]pose[]records \OT1/cmr/m/n/10 are enu-mer-
 []


Underfull \hbox (badness 8113) in paragraph at lines 34--35
\OT1/cmr/m/n/10 ated in \OT1/cmtt/m/n/10.03749 artifact/manifests/exclusions.js
onl\OT1/cmr/m/n/10 . The miss-ing test ID is
 []


Underfull \vbox (badness 10000) has occurred while \output is active []

 [1

{/home/xkb4/.texlive2021/texmf-var/fonts/map/pdftex/updmap/pdftex.map}]
Underfull \vbox (badness 10000) has occurred while \output is active []

 [2]

Package hyperref Warning: Difference (3) between bookmark levels is greater 
(hyperref)                than one, level fixed on input line 83.


Underfull \hbox (badness 10000) in paragraph at lines 99--99
[]|\OT1/cmr/m/it/9 Selected probe
 []


Underfull \hbox (badness 10000) in paragraph at lines 99--100
\OML/cmm/m/it/9 p \OMS/cmsy/m/n/9 ^^T \OT1/cmr/m/n/9 10[]$; post-
 []


Underfull \hbox (badness 10000) in paragraph at lines 99--100
\OT1/cmr/m/n/9 selection---see probe
 []


Underfull \hbox (badness 10000) in paragraph at lines 101--101
[]|\OT1/cmr/m/n/9 605-query donor-pool fac-to-rial
 []


Underfull \hbox (badness 10000) in paragraph at lines 102--102
[]|\OT1/cmr/m/n/9 Template-holdout, BT-retrain,
 []


Underfull \hbox (badness 10000) in paragraph at lines 103--103
[]|\OT1/cmr/m/n/9 Protocol checks (scorer, FPS,
 []


Underfull \hbox (badness 10000) in paragraph at lines 104--104
[]|\OT1/cmr/m/n/9 Frozen-protocol con-fir-ma-tion
 []


Underfull \hbox (badness 1874) in paragraph at lines 108--108
[]|\OT1/cmr/m/n/9 Conditioning con-trols (retriev-ers,
 []


Underfull \hbox (badness 10000) in paragraph at lines 109--109
[]|\OT1/cmr/m/n/9 Competence gate, tra-jec-to-ries,
 []


Underfull \hbox (badness 10000) in paragraph at lines 110--110
[]|\OT1/cmr/m/n/9 Knowledge-distillation lad-der +
 []


Underfull \hbox (badness 10000) in paragraph at lines 112--112
[]|\OT1/cmr/m/n/9 Reference replace-ment (sin-
 []


Underfull \hbox (badness 10000) in paragraph at lines 113--114
[]|\OT1/cmr/m/n/9 BLEU-4/BLEU-1/chrF
 []


Underfull \hbox (badness 10000) in paragraph at lines 114--114
[]|\OT1/cmr/m/n/9 Evaluator$\OMS/cmsy/m/n/9 ^^B$\OT1/cmr/m/n/9 reference fac-to
-rial
 []


Underfull \hbox (badness 10000) in paragraph at lines 114--115
[]|\OT1/cmr/m/n/9 descriptive decom-po-si-
 []


Underfull \hbox (badness 3815) in paragraph at lines 116--116
[]|\OT1/cmr/m/n/9 Five diag-nos-tic views (readout-
 []


Underfull \hbox (badness 1648) in paragraph at lines 116--117
[]|\OT1/cmr/m/n/9 triangulation, not inde-
 []


Underfull \hbox (badness 10000) in paragraph at lines 117--117
[]|\OT1/cmr/m/n/9 In-sample read-out diag-no-sis
 []


Underfull \hbox (badness 10000) in paragraph at lines 118--118
[]|\OT1/cmr/m/n/9 readout sig-na-
 []


Underfull \hbox (badness 1147) in paragraph at lines 118--118
[]|\OT1/cmr/m/n/9 Leakage san-ity checks (per-mu-ta-
 []


Underfull \hbox (badness 10000) in paragraph at lines 120--121
[]|\OT1/cmr/m/n/9 query-index boot-strap
 []


Underfull \hbox (badness 10000) in paragraph at lines 123--123
[]|\OT1/cmr/m/n/9 Released-checkpoint per-tur-ba-tion
 []


Underfull \hbox (badness 10000) in paragraph at lines 123--124
[]|\OT1/cmr/m/n/9 lockstep col-lapse with
 []


Underfull \hbox (badness 10000) in paragraph at lines 126--126
[]|\OT1/cmr/m/n/9 Competence extrap-o-la-tion
 []


Underfull \hbox (badness 4634) in paragraph at lines 126--127
[]|\OT1/cmr/m/n/9 non-IID; LOO CV (5
 []


Underfull \hbox (badness 10000) in paragraph at lines 129--129
[]|\OT1/cmr/m/n/9 Template-density strata; donor-
 []


LaTeX Warning: Float too large for page by 46.11661pt on input line 136.


Package hyperref Warning: Difference (3) between bookmark levels is greater 
(hyperref)                than one, level fixed on input line 138.


Underfull \hbox (badness 10000) in paragraph at lines 152--152
[]|\OT1/cmr/m/n/9 Has gap
 []


Underfull \hbox (badness 10000) in paragraph at lines 154--154
[]|\OT1/cmr/m/n/9 Faithful (train[]faithful.py,
 []


Underfull \hbox (badness 1810) in paragraph at lines 154--155
[]|\OT1/cmr/m/n/9 RQ1 pri-mary; non-
 []


Underfull \hbox (badness 10000) in paragraph at lines 156--157
[]|\OT1/cmr/m/n/9 prediction inter-val,
 []


Underfull \hbox (badness 10000) in paragraph at lines 158--159
[]|\OT1/cmr/m/n/9 recipe-faithfulness;
 []


Underfull \hbox (badness 10000) in paragraph at lines 160--160
[]|\OT1/cmr/m/n/9 Joint-loss (beam-3, 1901--
 []


Underfull \hbox (badness 10000) in paragraph at lines 161--161
[]|\OT1/cmr/m/n/9 Joint-loss sup-ple-men-tary
 []


Underfull \hbox (badness 10000) in paragraph at lines 161--162
[]|\OT1/cmr/m/n/9 exploratory; no
 []


Underfull \hbox (badness 10000) in paragraph at lines 162--163
[]|\OT1/cmr/m/n/9 dose--resp., gap
 []


Underfull \hbox (badness 10000) in paragraph at lines 163--163
[]|\OT1/cmr/m/n/9 Rescue (dropout/wd; only
 []


Underfull \hbox (badness 10000) in paragraph at lines 164--165
[]|\OT1/cmr/m/n/9 dose--resp., family-
 []


Underfull \hbox (badness 10000) in paragraph at lines 169--170
[]|\OT1/cmr/m/n/9 audit tar-get (not
 []


Overfull \hbox (19.65897pt too wide) in paragraph at lines 145--174
 [] 
 []


Underfull \vbox (badness 10000) has occurred while \output is active []

 [3]

LaTeX Warning: `h' float specifier changed to `ht'.


Package hyperref Warning: Difference (3) between bookmark levels is greater 
(hyperref)                than one, level fixed on input line 176.


LaTeX Warning: `h' float specifier changed to `ht'.


Package hyperref Warning: Difference (3) between bookmark levels is greater 
(hyperref)                than one, level fixed on input line 204.


Overfull \hbox (59.95659pt too wide) in paragraph at lines 207--223
 [] 
 []


LaTeX Warning: `h' float specifier changed to `ht'.


Package hyperref Warning: Difference (2) between bookmark levels is greater 
(hyperref)                than one, level fixed on input line 225.


Underfull \vbox (badness 10000) has occurred while \output is active []

 [4]

LaTeX Warning: `h' float specifier changed to `ht'.


Overfull \hbox (36.08711pt too wide) in paragraph at lines 250--267
 [] 
 []


LaTeX Warning: `h' float specifier changed to `ht'.


Overfull \hbox (29.56056pt too wide) in paragraph at lines 272--289
 [] 
 []


LaTeX Warning: `h' float specifier changed to `ht'.

LaTeX Font Info:    Font shape `OT1/cmtt/bx/it' in size <10.03749> not availabl
e
(Font)              Font shape `OT1/cmtt/m/it' tried instead on input line 294.


Package hyperref Warning: Difference (3) between bookmark levels is greater 
(hyperref)                than one, level fixed on input line 294.


Underfull \hbox (badness 1259) in paragraph at lines 296--297
\OT1/cmr/m/n/10 dev tar-get tokens $\OMS/cmsy/m/n/10.03749 ^^B []\OT1/cmr/m/n/1
0 ([] 259\OML/cmm/m/it/10.03749 :\OT1/cmr/m/n/10 84015)$, pin-ning \OT1/cmtt/m/
n/10.03749 translation[]normalization:
 []


Underfull \hbox (badness 10000) in paragraph at lines 305--305
[]|\OT1/cmr/m/n/9 Field (released
 []


Underfull \hbox (badness 10000) in paragraph at lines 305--305
[]|\OT1/cmr/m/n/9 Original frame-work
 []


Underfull \hbox (badness 10000) in paragraph at lines 305--305
[]|\OT1/cmr/m/n/9 v1--v3 seman-tics
 []


Overfull \hbox (34.28781pt too wide) in paragraph at lines 307--307
[]|\OT1/cmtt/m/n/9 translation[]normalization
 []


Underfull \hbox (badness 1975) in paragraph at lines 307--307
[]|\OT1/cmr/m/n/9 token-sum CE $\OMS/cmsy/m/n/9 ^^D$ \OT1/cmr/m/n/9 sen-
 []


Underfull \hbox (badness 3590) in paragraph at lines 307--307
[]|\OT1/cmr/m/n/9 CE \OT1/cmtt/m/n/9 reduction="mean"
 []


Underfull \hbox (badness 10000) in paragraph at lines 307--307
\OT1/cmr/m/n/9 (per-token): $\OMS/cmsy/m/n/9 ^^X$\OT1/cmr/m/n/9 15--30$\OMS/cms
y/m/n/9 ^^B$
 []


Underfull \hbox (badness 1122) in paragraph at lines 307--307
\OT1/cmr/m/n/9 smaller gra-di-ent scale;
 []


Underfull \hbox (badness 10000) in paragraph at lines 307--307
\OT1/cmr/m/n/9 with Adam weight-
 []


Underfull \hbox (badness 10000) in paragraph at lines 307--307
\OT1/cmr/m/n/9 decay cou-pling this
 []


Underfull \hbox (badness 10000) in paragraph at lines 307--308
[]|\OT1/cmr/m/n/9 CE \OT1/cmtt/m/n/9 reduction="sum"
 []


Underfull \hbox (badness 10000) in paragraph at lines 307--308
\OMS/cmsy/m/n/9 ^^D$ \OT1/cmr/m/n/9 batch sen-tences;
 []


Underfull \hbox (badness 10000) in paragraph at lines 309--309
[]|\OT1/cmr/m/n/9 dev NLL token
 []


Underfull \hbox (badness 10000) in paragraph at lines 309--309
[]|\OT1/cmr/m/n/9 counts \OT1/cmr/m/it/9 valid \OT1/cmr/m/n/9 tar-get
 []


Underfull \hbox (badness 2856) in paragraph at lines 309--309
\OT1/cmr/m/n/9 tokens (mask True $=$
 []


Underfull \hbox (badness 10000) in paragraph at lines 309--309
[]|\OT1/cmtt/m/n/9 ( txt[]mask).sum()
 []


Underfull \hbox (badness 10000) in paragraph at lines 309--309
\OT1/cmr/m/n/9 counts \OT1/cmr/m/it/9 padding \OT1/cmr/m/n/9 posi-
 []


Underfull \hbox (badness 5217) in paragraph at lines 309--309
\OT1/cmr/m/n/9 tions (all of v1--v3);
 []


Underfull \hbox (badness 10000) in paragraph at lines 309--309
\OT1/cmr/m/n/9 also trun-cates v2
 []


Underfull \hbox (badness 10000) in paragraph at lines 309--309
\OT1/cmr/m/n/9 greedy-selection
 []


Underfull \hbox (badness 10000) in paragraph at lines 309--309
\OT1/cmr/m/n/9 hypothe-ses/references
 []


Underfull \hbox (badness 10000) in paragraph at lines 309--310
[]|\OT1/cmtt/m/n/9 txt[]mask.sum()\OT1/cmr/m/n/9 ; PPL
 []


Underfull \hbox (badness 10000) in paragraph at lines 309--310
\OT1/cmr/m/n/9 and per-token NLL
 []


Underfull \hbox (badness 10000) in paragraph at lines 309--310
\OT1/cmr/m/n/9 com-puted on valid
 []


Overfull \hbox (23.51492pt too wide) in paragraph at lines 311--311
[]|\OT1/cmtt/m/n/9 recognition[]loss[]weight
 []


Underfull \hbox (badness 2393) in paragraph at lines 311--311
[]|\OT1/cmr/m/n/9 joint CTC$+$translation;
 []


Underfull \hbox (badness 10000) in paragraph at lines 311--311
\OT1/cmr/m/n/9 col-umn nor-mal-i-sa-tion
 []


Underfull \hbox (badness 1077) in paragraph at lines 311--311
\OT1/cmr/m/n/9 not exactly iden-ti-fi-able
 []


Underfull \hbox (badness 10000) in paragraph at lines 311--311
[]|\OT1/cmr/m/n/9 v1: CTC omit-ted
 []


Underfull \hbox (badness 1888) in paragraph at lines 311--311
\OT1/cmr/m/n/9 entirely; step-corrected
 []


Underfull \hbox (badness 10000) in paragraph at lines 311--311
\OT1/cmr/m/n/9 with per-token-mean
 []


Underfull \hbox (badness 10000) in paragraph at lines 311--312
\OT1/cmr/m/n/9 CTC token-
 []


Underfull \hbox (badness 10000) in paragraph at lines 311--312
\OT1/cmr/m/n/9 sum $\OMS/cmsy/m/n/9 ^^D$ \OT1/cmr/m/n/9 sen-tences
 []


Underfull \hbox (badness 10000) in paragraph at lines 311--312
\OT1/cmr/m/n/9 (batch-consistent);
 []


Underfull \hbox (badness 10000) in paragraph at lines 313--313
[]|\OT1/cmtt/m/n/9 validation[]freq
 []


Underfull \hbox (badness 10000) in paragraph at lines 313--313
[]|\OT1/cmr/m/n/9 v1: mis-read as 14
 []


Underfull \hbox (badness 10000) in paragraph at lines 313--313
\OT1/cmr/m/it/9 epochs\OT1/cmr/m/n/9 ; v1.5+/v2/v3:
 []


Overfull \hbox (36.36676pt too wide) in paragraph at lines 315--315
[]|\OT1/cmtt/m/n/9 eval[]translation[]beam[]size
 []


Underfull \hbox (badness 10000) in paragraph at lines 315--315
[]|\OT1/cmr/m/n/9 autoregressive beam-3
 []


Underfull \hbox (badness 10000) in paragraph at lines 315--315
\OT1/cmr/m/n/9 decode for val-i-da-tion
 []


Underfull \hbox (badness 10000) in paragraph at lines 315--315
\OT1/cmr/m/n/9 BLEU (WER/BLEU
 []


Underfull \hbox (badness 10000) in paragraph at lines 315--315
[]|\OT1/cmr/m/n/9 v1: selec-tion branch
 []


Underfull \hbox (badness 10000) in paragraph at lines 315--315
\OT1/cmtt/m/n/9 improved=False\OT1/cmr/m/n/9 );
 []


Underfull \hbox (badness 1348) in paragraph at lines 315--315
\OT1/cmr/m/n/9 v1.5/v2: teacher-forced
 []


Underfull \hbox (badness 10000) in paragraph at lines 315--315
\OT1/cmr/m/n/9 greedy argmax, not
 []


Underfull \hbox (badness 10000) in paragraph at lines 315--315
\OT1/cmr/m/n/9 autore-gres-sive; v3:
 []


Underfull \hbox (badness 10000) in paragraph at lines 315--316
[]|\OT1/cmr/m/n/9 autoregressive beam-3
 []


Underfull \hbox (badness 10000) in paragraph at lines 315--316
\OT1/cmr/m/n/9 (via \OT1/cmtt/m/n/9 back[]translate\OT1/cmr/m/n/9 ),
 []


Underfull \hbox (badness 10000) in paragraph at lines 317--317
[]|\OT1/cmtt/m/n/9 epochs \OT1/cmr/m/n/9 (3000) /
 []


Underfull \hbox (badness 2027) in paragraph at lines 317--317
[]|\OT1/cmr/m/n/9 released run ended at
 []


Underfull \hbox (badness 10000) in paragraph at lines 317--317
[]|\OT1/cmr/m/n/9 300-epoch cap with
 []


Underfull \hbox (badness 10000) in paragraph at lines 319--319
[]|\OT1/cmtt/m/n/9 scheduling
 []


Underfull \hbox (badness 10000) in paragraph at lines 319--319
\OT1/cmr/m/n/9 (plateau),
 []


Underfull \hbox (badness 10000) in paragraph at lines 319--319
\OT1/cmtt/m/n/9 decrease[]factor
 []


Overfull \hbox (38.91852pt too wide) in paragraph at lines 319--319
[]|\OT1/cmr/m/n/9 ReduceLROnPlateau(mode=max)
 []


Underfull \hbox (badness 4913) in paragraph at lines 319--319
\OT1/cmr/m/n/9 on dev BLEU; every
 []


Underfull \hbox (badness 3930) in paragraph at lines 319--319
\OT1/cmr/m/n/9 logged decay fires on
 []


Underfull \hbox (badness 2134) in paragraph at lines 319--319
[]|\OT1/cmr/m/n/9 present since v1, but
 []


Underfull \hbox (badness 6542) in paragraph at lines 319--319
\OT1/cmr/m/n/9 reached only $\OMS/cmsy/m/n/9 ^^X$\OT1/cmr/m/n/9 60--90
 []


Underfull \hbox (badness 2970) in paragraph at lines 319--319
\OT1/cmr/m/n/9 val-i-da-tions before the
 []


Underfull \hbox (badness 10000) in paragraph at lines 319--320
[]|\OT1/cmr/m/n/9 identical sched-uler
 []


Underfull \hbox (badness 2050) in paragraph at lines 319--320
\OT1/cmtt/m/n/9 scheduler.step \OT1/cmr/m/n/9 as in
 []


Underfull \hbox (badness 10000) in paragraph at lines 321--321
\OT1/cmr/m/n/9 accum 4 (inferred);
 []


Underfull \hbox (badness 2970) in paragraph at lines 323--323
\OT1/cmr/m/n/9 mary seed (101--1405,
 []


Underfull \hbox (badness 10000) in paragraph at lines 323--324
[]|\OT1/cmr/m/n/9 42 is the pri-mary
 []


Underfull \hbox (badness 1286) in paragraph at lines 323--324
\OT1/cmr/m/n/9 run; 43--49 as within-
 []


Underfull \hbox (badness 10000) in paragraph at lines 323--324
\OT1/cmr/m/n/9 implementation
 []


Underfull \hbox (badness 10000) in paragraph at lines 325--325
\OT1/cmr/m/n/9 JoeyNMT-framework
 []


Underfull \hbox (badness 10000) in paragraph at lines 325--325
\OT1/cmr/m/n/9 default thresh-old 1.0
 []


Underfull \hbox (badness 10000) in paragraph at lines 325--325
[]|\OT1/cmr/m/n/9 hard-coded
 []


Underfull \hbox (badness 10000) in paragraph at lines 325--325
\OT1/cmtt/m/n/9 max[]norm=1.0 \OT1/cmr/m/n/9 (with
 []


Underfull \hbox (badness 10000) in paragraph at lines 325--325
\OT1/cmr/m/n/9 token-mean loss it
 []


Underfull \hbox (badness 10000) in paragraph at lines 325--326
[]|\OT1/cmtt/m/n/9 --clip \OT1/cmr/m/n/9 1.0 default,
 []


Underfull \hbox (badness 10000) in paragraph at lines 325--326
\OT1/cmr/m/n/9 dis-closed as author
 []


Underfull \hbox (badness 2343) in paragraph at lines 325--326
\OT1/cmr/m/n/9 infer-ence; with batch-
 []


Underfull \hbox (badness 10000) in paragraph at lines 325--326
\OT1/cmr/m/n/9 normalised loss the
 []


Underfull \hbox (badness 10000) in paragraph at lines 325--326
\OT1/cmr/m/n/9 norm gen-uinely
 []


Underfull \hbox (badness 10000) in paragraph at lines 325--326
\OT1/cmr/m/n/9 binds (first steps
 []


Underfull \hbox (badness 5403) in paragraph at lines 329--330
\OT1/cmr/m/n/7 0.001, \OT1/cmtt/m/n/7 label[]smoothing \OT1/cmr/m/n/7 0.0, \OT1
/cmtt/m/n/7 learning[]rate[]min \OT1/cmr/m/n/7 1e-8, \OT1/cmtt/m/n/7 keep[]last
[]ckpts \OT1/cmr/m/n/7 1, archi-tec-ture block (trans-former,
 []


Overfull \hbox (27.57582pt too wide) in paragraph at lines 298--330
 [] 
 []


LaTeX Warning: Float too large for page by 205.81004pt on input line 330.


LaTeX Warning: `h' float specifier changed to `ht'.


Package hyperref Warning: Difference (2) between bookmark levels is greater 
(hyperref)                than one, level fixed on input line 332.


Underfull \vbox (badness 10000) has occurred while \output is active []

 [5]
Underfull \hbox (badness 1264) in paragraph at lines 351--351
\OT1/cmr/m/n/10 i-date every 14 epochs, not steps): 300 epochs,
 []


LaTeX Warning: `h' float specifier changed to `ht'.

<generated_figures/released_perturbation.pdf, id=354, 722.7pt x 303.534pt>
File: generated_figures/released_perturbation.pdf Graphic file (type pdf)
<use generated_figures/released_perturbation.pdf>
Package pdftex.def Info: generated_figures/released_perturbation.pdf  used on i
nput line 365.
(pdftex.def)             Requested size: 372.0pt x 156.24069pt.

Underfull \vbox (badness 10000) has occurred while \output is active []

 [6]
Overfull \hbox (32.8504pt too wide) in paragraph at lines 376--391
 [] 
 []


LaTeX Warning: `h' float specifier changed to `ht'.


Underfull \vbox (badness 10000) has occurred while \output is active []

 [7 <./generated_figures/released_perturbation.pdf>]
LaTeX Font Info:    Trying to load font information for OMS+cmtt on input line 
414.
LaTeX Font Info:    No file OMScmtt.fd. on input line 414.


LaTeX Font Warning: Font shape `OMS/cmtt/m/n' undefined
(Font)              using `OMS/cmsy/m/n' instead
(Font)              for symbol `textbraceleft' on input line 414.


Underfull \hbox (badness 1701) in paragraph at lines 414--414
[]\OT1/cmr/bx/n/10.03749 Table S13\OT1/cmr/m/n/10 : |Cluster-aware boot-strap f
or the head-line PURE--REC gap
 []


Underfull \hbox (badness 1394) in paragraph at lines 414--414
\OT1/cmr/m/n/10 (canon-i-cal \TS1/cmr/m/n/10.03749 §[]\OT1/cmr/m/n/10 3.2[] reg
-istry, orig-i-nal refs, released-evaluator hypothe-ses from
 []


Underfull \hbox (badness 10000) in paragraph at lines 414--414
\OT1/cmtt/m/n/10.03749 results/gap[]43[]canonical[]beam3[]items/released[]\OMS/
cmtt/m/n/10.03749 f\OT1/cmtt/m/n/10.03749 gt,pure\OMS/cmtt/m/n/10.03749 g\OT1/c
mtt/m/n/10.03749 .json\OT1/cmr/m/n/10 ). All
 []


LaTeX Warning: `h' float specifier changed to `ht'.

<generated_figures/ref_frame_paired.pdf, id=432, 722.7pt x 332.44202pt>
File: generated_figures/ref_frame_paired.pdf Graphic file (type pdf)
<use generated_figures/ref_frame_paired.pdf>
Package pdftex.def Info: generated_figures/ref_frame_paired.pdf  used on input 
line 425.
(pdftex.def)             Requested size: 297.60114pt x 136.8956pt.

Package hyperref Warning: Difference (3) between bookmark levels is greater 
(hyperref)                than one, level fixed on input line 432.


Underfull \vbox (badness 10000) has occurred while \output is active []


Underfull \vbox (badness 10000) has occurred while \output is active []

 [8]

Package hyperref Warning: Difference (2) between bookmark levels is greater 
(hyperref)                than one, level fixed on input line 434.


Underfull \vbox (badness 10000) has occurred while \output is active []

 [9 <./generated_figures/ref_frame_paired.pdf>]

Package hyperref Warning: Token not allowed in a PDF string (Unicode):
(hyperref)                removing `math shift' on input line 456.


Package hyperref Warning: Token not allowed in a PDF string (Unicode):
(hyperref)                removing `\tau' on input line 456.


Package hyperref Warning: Token not allowed in a PDF string (Unicode):
(hyperref)                removing `math shift' on input line 456.


Overfull \hbox (129.78365pt too wide) in paragraph at lines 460--480
 [] 
 []


Package hyperref Warning: Difference (3) between bookmark levels is greater 
(hyperref)                than one, level fixed on input line 491.


LaTeX Warning: `h' float specifier changed to `ht'.


Package hyperref Warning: Difference (2) between bookmark levels is greater 
(hyperref)                than one, level fixed on input line 510.


Underfull \vbox (badness 10000) has occurred while \output is active []

 [10]
Overfull \hbox (39.20177pt too wide) in paragraph at lines 513--529
 [] 
 []


LaTeX Warning: `h' float specifier changed to `ht'.


Overfull \hbox (42.16005pt too wide) in paragraph at lines 534--554
 [] 
 []


LaTeX Warning: `h' float specifier changed to `ht'.


Package hyperref Warning: Difference (3) between bookmark levels is greater 
(hyperref)                than one, level fixed on input line 566.


Underfull \vbox (badness 10000) has occurred while \output is active []

 [11]

Package hyperref Warning: Difference (2) between bookmark levels is greater 
(hyperref)                than one, level fixed on input line 569.


Overfull \hbox (42.52318pt too wide) in paragraph at lines 572--588
 [] 
 []


LaTeX Warning: `h' float specifier changed to `ht'.


Overfull \hbox (105.51126pt too wide) in paragraph at lines 590--606
 [] 
 []


LaTeX Warning: `h' float specifier changed to `ht'.


Underfull \vbox (badness 10000) has occurred while \output is active []

 [12]
<generated_figures/per_item_gap_decomposition.pdf, id=528, 794.97pt x 332.44202
pt>
File: generated_figures/per_item_gap_decomposition.pdf Graphic file (type pdf)
<use generated_figures/per_item_gap_decomposition.pdf>
Package pdftex.def Info: generated_figures/per_item_gap_decomposition.pdf  used
 on input line 618.
(pdftex.def)             Requested size: 372.0pt x 155.56802pt.

Underfull \hbox (badness 1337) in paragraph at lines 643--643
[]\OT1/cmr/bx/n/10.03749 Table S20\OT1/cmr/m/n/10 : |CSL-Daily Mode B donor-
 []


LaTeX Warning: `h' float specifier changed to `ht'.


Underfull \vbox (badness 10000) has occurred while \output is active []

 [13 <./generated_figures/per_item_gap_decomposition.pdf>]

Package hyperref Warning: Difference (3) between bookmark levels is greater 
(hyperref)                than one, level fixed on input line 650.


Package hyperref Warning: Difference (2) between bookmark levels is greater 
(hyperref)                than one, level fixed on input line 653.


Underfull \hbox (badness 6236) in paragraph at lines 669--669
\OT1/cmr/m/n/10 con-firm-ing output--reference align-ment.
 []


LaTeX Warning: `h' float specifier changed to `ht'.


Package hyperref Warning: Token not allowed in a PDF string (Unicode):
(hyperref)                removing `math shift' on input line 672.


Package hyperref Warning: Token not allowed in a PDF string (Unicode):
(hyperref)                removing `math shift' on input line 672.


LaTeX Warning: `h' float specifier changed to `ht'.


LaTeX Warning: `h' float specifier changed to `ht'.


Underfull \vbox (badness 10000) has occurred while \output is active []

 [14]

LaTeX Warning: `h' float specifier changed to `ht'.


Package hyperref Warning: Difference (3) between bookmark levels is greater 
(hyperref)                than one, level fixed on input line 759.


Package hyperref Warning: Difference (2) between bookmark levels is greater 
(hyperref)                than one, level fixed on input line 761.


Underfull \hbox (badness 6461) in paragraph at lines 761--762
\OT1/cmr/m/n/10 Re-decoding all 14 recon-struc-tion check-points under both mat
e-ri-al-iza-tions
 []


Underfull \hbox (badness 3323) in paragraph at lines 761--762
\OT1/cmr/m/n/10 gives mean $\OMS/cmtt/m/n/10.03749 j\OT1/cmr/m/n/10 ^^A[]\OMS/c
mtt/m/n/10.03749 j \OT1/cmr/m/n/10 = 0\OML/cmm/m/it/10.03749 :\OT1/cmr/m/n/10 6
5$ BLEU (max 1.45). The sign of the gap is
 []


Underfull \hbox (badness 2617) in paragraph at lines 761--762
\OT1/cmr/m/n/10 unchanged on every check-point, and the 14-seed within-implemen
tation dis-
 []


Underfull \hbox (badness 6445) in paragraph at lines 761--762
\OT1/cmr/m/n/10 per-sion inter-val remains strictly neg-a-tive under both mate-
ri-al-iza-tions, so
 []


Underfull \hbox (badness 4872) in paragraph at lines 761--762
\OT1/cmr/m/n/10 the non-replication con-clu-sion is unaf-fected. All head-line 
num-bers in the
 []


Underfull \hbox (badness 7722) in paragraph at lines 761--762
\OT1/cmr/m/n/10 main text and in Sup. G use the canon-i-cal mate-ri-al-iza-tion
 (SHA-256
 []


Underfull \hbox (badness 10000) in paragraph at lines 761--762
\OT1/cmtt/m/n/10.03749 9170a53026ab3263b451a3632a9e02318745acabf12f0b679921477a
fbefa301\OT1/cmr/m/n/10 ); this
 []


Underfull \hbox (badness 3679) in paragraph at lines 765--766
\OT1/cmr/m/n/10 Canonical BLEURT-20 ships a Ten-sor-Flow check-point that does 
not load
 []


Package hyperref Warning: Difference (3) between bookmark levels is greater 
(hyperref)                than one, level fixed on input line 767.


Underfull \vbox (badness 10000) has occurred while \output is active []

 [15]

Package hyperref Warning: Difference (2) between bookmark levels is greater 
(hyperref)                than one, level fixed on input line 769.


Package hyperref Warning: Difference (3) between bookmark levels is greater 
(hyperref)                than one, level fixed on input line 773.


Package hyperref Warning: Difference (2) between bookmark levels is greater 
(hyperref)                than one, level fixed on input line 776.

<generated_figures/fig1_audit_design.pdf, id=618, 614.295pt x 794.97pt>
File: generated_figures/fig1_audit_design.pdf Graphic file (type pdf)
<use generated_figures/fig1_audit_design.pdf>
Package pdftex.def Info: generated_figures/fig1_audit_design.pdf  used on input
 line 787.
(pdftex.def)             Requested size: 230.63818pt x 298.47693pt.
<generated_figures/fig4_reference_frame.pdf, id=619, 557.72777pt x 218.06133pt>

File: generated_figures/fig4_reference_frame.pdf Graphic file (type pdf)
<use generated_figures/fig4_reference_frame.pdf>
Package pdftex.def Info: generated_figures/fig4_reference_frame.pdf  used on in
put line 794.
(pdftex.def)             Requested size: 372.0pt x 145.44482pt.
<generated_figures/fig5_donor_origin.pdf, id=624, 572.58362pt x 427.66232pt>
File: generated_figures/fig5_donor_origin.pdf Graphic file (type pdf)
<use generated_figures/fig5_donor_origin.pdf>
Package pdftex.def Info: generated_figures/fig5_donor_origin.pdf  used on input
 line 801.
(pdftex.def)             Requested size: 372.0pt x 277.85323pt.

Underfull \vbox (badness 10000) has occurred while \output is active []

 [16]
Underfull \hbox (badness 10000) in paragraph at lines 837--837
[]| \OT1/cmr/m/n/9 Faith-ful
 []


Underfull \hbox (badness 10000) in paragraph at lines 837--837
\OT1/cmr/m/n/9 (train[]faithful.py,
 []


Underfull \hbox (badness 10000) in paragraph at lines 838--838
[]|\OT1/cmr/bx/n/9 Partially-
 []


Underfull \hbox (badness 10000) in paragraph at lines 839--839
[]| \OT1/cmr/m/n/9 Validation-freq-
 []


Underfull \hbox (badness 10000) in paragraph at lines 840--840
[]| \OT1/cmr/m/n/9 Step-corrected
 []


Underfull \hbox (badness 10000) in paragraph at lines 842--842
[]| \OT1/cmr/m/n/9 Paper-derived
 []


Underfull \hbox (badness 10000) in paragraph at lines 843--843
[]| \OT1/cmr/m/n/9 Paper-derived
 []


Underfull \hbox (badness 10000) in paragraph at lines 847--847
[]| \OT1/cmr/m/n/9 Joint-loss
 []


Underfull \hbox (badness 10000) in paragraph at lines 847--847
\OT1/cmr/m/n/9 (sup-ple-men-tary,
 []


Underfull \hbox (badness 10000) in paragraph at lines 849--849
[]| \OT1/cmr/m/n/9 Res-cue
 []


Underfull \hbox (badness 6300) in paragraph at lines 849--849
\OT1/cmr/m/n/9 (dropout/wd vari-
 []


Underfull \hbox (badness 10000) in paragraph at lines 851--851
[]| \OT1/cmr/m/n/9 Lad-der (data
 []


Underfull \hbox (badness 10000) in paragraph at lines 856--856
\OT1/cmr/m/n/10 from \OT1/cmtt/m/n/10.03749 results/accounting[]table.json \OT1
/cmr/m/n/10 (sin-gle
 []


Underfull \hbox (badness 1237) in paragraph at lines 856--856
\OT1/cmr/m/n/10 source of truth, disk-scanned). ``Runs'' = from-
 []


Underfull \hbox (badness 3354) in paragraph at lines 856--856
\OT1/cmr/m/n/10 tier (14 corrected-recipe runs) pro-vides recipe-
 []


LaTeX Warning: Float too large for page by 72.75316pt on input line 859.


LaTeX Warning: `h' float specifier changed to `ht'.


Underfull \hbox (badness 10000) in paragraph at lines 868--869
[]|\OT1/cmr/m/n/9 Distinction from present
 []


Underfull \hbox (badness 10000) in paragraph at lines 870--870
[]|\OT1/cmr/m/n/9 Czehmann et al.
 []


Underfull \hbox (badness 10000) in paragraph at lines 870--870
[]|\OT1/cmr/m/n/9 Reference replace-
 []


Underfull \hbox (badness 4193) in paragraph at lines 870--870
\OT1/cmr/m/n/9 ment changes BLEU
 []


Underfull \hbox (badness 10000) in paragraph at lines 870--870
[]|\OT1/cmr/m/n/9 Human back-
 []


Underfull \hbox (badness 7186) in paragraph at lines 870--871
[]|\OT1/cmr/m/n/9 We apply the matched-
 []


Underfull \hbox (badness 10000) in paragraph at lines 870--871
\OT1/cmr/m/n/9 subset pro-to-col to the
 []


Underfull \hbox (badness 10000) in paragraph at lines 870--871
\OT1/cmr/m/n/9 released eval-u-a-tor with
 []


Underfull \hbox (badness 10000) in paragraph at lines 870--871
\OT1/cmr/m/n/9 a frozen replay probe
 []


Underfull \hbox (badness 6078) in paragraph at lines 870--871
\OT1/cmr/m/n/9 and quan-tify the paired
 []


Underfull \hbox (badness 1577) in paragraph at lines 871--871
\OT1/cmr/m/n/9 over-lap among tested
 []


Underfull \hbox (badness 10000) in paragraph at lines 872--872
\OT1/cmr/m/n/9 u-a-tion over-es-ti-mates
 []


Underfull \hbox (badness 5345) in paragraph at lines 872--873
[]|\OT1/cmr/m/n/9 We include signer as a
 []


Underfull \hbox (badness 10000) in paragraph at lines 872--873
\OT1/cmr/m/n/9 regres-sion covari-ate (not
 []


Underfull \hbox (badness 10000) in paragraph at lines 872--873
\OT1/cmr/m/n/9 signer-disjoint eval-u-a-tion;
 []


Underfull \hbox (badness 4660) in paragraph at lines 872--873
\OT1/cmr/m/n/9 ^^A\OML/cmm/m/it/9 R[]$ \OT1/cmr/m/n/9 from remov-ing the
 []


Underfull \hbox (badness 10000) in paragraph at lines 873--873
\OT1/cmr/m/n/9 sta-ble cor-re-late of
 []


Underfull \hbox (badness 10000) in paragraph at lines 873--873
[]|\OT1/cmr/m/n/9 Meta-evaluation of
 []


Underfull \hbox (badness 10000) in paragraph at lines 873--873
\OT1/cmr/m/n/9 pose/embedding/BT
 []


Underfull \hbox (badness 5533) in paragraph at lines 873--874
[]|\OT1/cmr/m/n/9 We report that teacher-
 []


Underfull \hbox (badness 10000) in paragraph at lines 874--874
[]|\OT1/cmr/m/n/9 BERT-based met-rics
 []


Underfull \hbox (badness 10000) in paragraph at lines 874--874
[]|\OT1/cmr/m/n/9 Multi-implementation
 []


Underfull \hbox (badness 7451) in paragraph at lines 874--875
[]|\OT1/cmr/m/n/9 We extend the learned-
 []


Underfull \hbox (badness 5203) in paragraph at lines 875--875
[]|\OT1/cmr/m/n/9 Our dis-closed recon-
 []


Underfull \hbox (badness 4108) in paragraph at lines 875--875
\OT1/cmr/m/n/9 lic arti-facts did not
 []


Underfull \hbox (badness 10000) in paragraph at lines 875--875
[]|\OT1/cmr/m/n/9 68 train-ing runs
 []


Underfull \hbox (badness 10000) in paragraph at lines 875--875
\OT1/cmr/m/n/9 across 11 fam-i-lies,
 []


Underfull \hbox (badness 10000) in paragraph at lines 875--875
\OT1/cmr/m/n/9 fixed-output cross-
 []


Underfull \hbox (badness 2359) in paragraph at lines 875--875
\OT1/cmr/m/n/9 evaluator re-decoding,
 []


Overfull \hbox (30.95764pt too wide) in paragraph at lines 861--878
 [] 
 []


LaTeX Warning: `h' float specifier changed to `ht'.


Underfull \hbox (badness 10000) in paragraph at lines 887--888
[]|\OT1/cmr/m/n/9 Dev
 []


Underfull \hbox (badness 2644) in paragraph at lines 889--889
[]|\OT1/cmr/m/n/9 released con-fig.yaml
 []


Underfull \hbox (badness 10000) in paragraph at lines 889--889
[]|\OT1/cmr/m/n/9 beam-3-
 []


Underfull \hbox (badness 10000) in paragraph at lines 889--890
[]|\OT1/cmr/m/n/9 11.59--
 []


Underfull \hbox (badness 10000) in paragraph at lines 890--890
[]|\OT1/cmr/m/n/9 Paper-derived
 []


Underfull \hbox (badness 10000) in paragraph at lines 890--890
[]|\OT1/cmr/m/n/9 config.yaml + slt
 []


Underfull \hbox (badness 10000) in paragraph at lines 890--890
[]|\OT1/cmr/m/n/9 legacy script; 300
 []


Underfull \hbox (badness 10000) in paragraph at lines 890--890
[]|\OT1/cmr/m/n/9 NLL on
 []


Underfull \hbox (badness 10000) in paragraph at lines 891--891
[]|\OT1/cmr/m/n/9 Validation-
 []


Underfull \hbox (badness 10000) in paragraph at lines 891--891
[]|\OT1/cmr/m/n/9 config.yaml
 []


Underfull \hbox (badness 10000) in paragraph at lines 891--891
[]|\OT1/cmtt/m/n/9 validation[]freq=14
 []


Underfull \hbox (badness 1082) in paragraph at lines 891--891
\OT1/cmr/m/n/9 mis-read as epochs ini-
 []


Underfull \hbox (badness 10000) in paragraph at lines 891--891
[]|\OT1/cmr/m/n/9 decoded
 []


Underfull \hbox (badness 10000) in paragraph at lines 892--892
[]|\OT1/cmr/m/n/9 Step-corrected
 []


Underfull \hbox (badness 10000) in paragraph at lines 892--892
[]|\OT1/cmr/m/n/9 config.yaml +
 []


Underfull \hbox (badness 10000) in paragraph at lines 892--892
\OT1/cmr/m/n/9 JoeyNMT step
 []


Underfull \hbox (badness 10000) in paragraph at lines 892--892
[]|\OT1/cmr/m/n/9 fixed \OT1/cmtt/m/n/9 validation[]freq
 []


Underfull \hbox (badness 10000) in paragraph at lines 892--892
\OT1/cmr/m/n/9 inter-pre-ta-tion;
 []


Underfull \hbox (badness 10000) in paragraph at lines 892--892
[]|\OT1/cmr/m/n/9 greedy-
 []


Underfull \hbox (badness 10000) in paragraph at lines 893--893
[]|\OT1/cmr/m/n/9 Joint-loss
 []


Underfull \hbox (badness 10000) in paragraph at lines 893--893
[]|\OT1/cmr/m/n/9 config.yaml
 []


Overfull \hbox (46.76366pt too wide) in paragraph at lines 893--893
\OT1/cmr/m/n/9 (\OT1/cmtt/m/n/9 recognition[]loss[]weight=1.0\OT1/cmr/m/n/9 )| 

 []


Underfull \hbox (badness 10000) in paragraph at lines 893--893
[]|\OT1/cmr/m/n/9 greedy-
 []


Underfull \hbox (badness 10000) in paragraph at lines 894--894
[]|\OT1/cmr/m/n/9 Joint-loss
 []


Underfull \hbox (badness 10000) in paragraph at lines 894--894
[]|\OT1/cmr/m/n/9 config.yaml
 []


Underfull \hbox (badness 10000) in paragraph at lines 894--894
[]|\OT1/cmr/m/n/9 beam-3-
 []


Underfull \hbox (badness 1939) in paragraph at lines 895--895
[]|\OT1/cmr/m/n/9 independent re-run for
 []


Underfull \hbox (badness 10000) in paragraph at lines 895--895
[]|\OT1/cmr/m/n/9 decoded
 []


Underfull \hbox (badness 10000) in paragraph at lines 896--896
[]|\OT1/cmr/m/n/9 config.yaml
 []


Underfull \hbox (badness 1067) in paragraph at lines 896--896
[]|\OT1/cmr/m/n/9 extended train-ing bud-
 []


Underfull \hbox (badness 10000) in paragraph at lines 896--896
[]|\OT1/cmr/m/n/9 decoded
 []


Underfull \hbox (badness 10000) in paragraph at lines 897--897
[]|\OT1/cmr/m/n/9 Rescue
 []


Underfull \hbox (badness 5787) in paragraph at lines 897--897
[]|\OT1/cmr/m/n/9 dropout/wd vari-a-tions;
 []


Underfull \hbox (badness 10000) in paragraph at lines 897--897
[]|\OT1/cmr/m/n/9 decoded
 []


Underfull \hbox (badness 10000) in paragraph at lines 898--898
[]|\OT1/cmr/m/n/9 released check-point
 []


Underfull \hbox (badness 10000) in paragraph at lines 898--898
[]|\OT1/cmr/m/n/9 student--teacher KL;
 []


Underfull \hbox (badness 5985) in paragraph at lines 898--898
\OT1/cmr/m/n/9 stu-dents trained from
 []


Underfull \hbox (badness 10000) in paragraph at lines 898--898
[]|\OT1/cmr/m/n/9 decoded
 []


Underfull \hbox (badness 10000) in paragraph at lines 899--899
[]|\OT1/cmr/m/n/9 Ladder (data
 []


Underfull \hbox (badness 10000) in paragraph at lines 899--899
[]|\OT1/cmr/m/n/9 data-subset frac-tions
 []


Underfull \hbox (badness 10000) in paragraph at lines 899--899
[]|\OT1/cmr/m/n/9 decoded
 []


Underfull \hbox (badness 10000) in paragraph at lines 900--901
[]|\OT1/cmr/m/n/9 not
 []


LaTeX Warning: `h' float specifier changed to `ht'.


Underfull \hbox (badness 2318) in paragraph at lines 920--920
[]\OT1/cmr/bx/n/10.03749 Table S29\OT1/cmr/m/n/10 : |Teacher-forced and free-de
code diag-nos-tic statis-tics for the released eval-u-a-tor and the
 []


Underfull \hbox (badness 2951) in paragraph at lines 920--920
\OT1/cmr/m/n/10 on 500 ran-domly sam-pled items (seed 42, sam-pled with-out rep
lace-ment; the sam-pling SD across
 []


Underfull \hbox (badness 2158) in paragraph at lines 920--920
\OT1/cmr/m/n/10 5 re-samples is $\OMS/cmtt/m/n/10.03749 ^^T$\OT1/cmr/m/n/10 0.3
 pp for token accu-racy and $\OMS/cmtt/m/n/10.03749 ^^T$\OT1/cmr/m/n/10 0.01 fo
r NLL/tok); free-decode val-ues are full-
 []


Underfull \hbox (badness 3148) in paragraph at lines 920--920
\OT1/cmr/m/n/10 pool (7,060 train / 515 dev) under the uni-form beam-3 pro-to-c
ol (\TS1/cmr/m/n/10.03749 §[]\OT1/cmr/m/n/10 3.4[]). sacre-BLEU \OT1/cmtt/m/n/1
0.03749 signature:
 []


Overfull \hbox (116.44247pt too wide) in paragraph at lines 907--921
 [] 
 []


LaTeX Warning: `h' float specifier changed to `ht'.


Underfull \hbox (badness 10000) in paragraph at lines 932--932
[]|\OT1/cmr/m/n/9 Training-pool read-
 []


Underfull \hbox (badness 10000) in paragraph at lines 932--932
[]|\OT1/cmr/m/n/9 In-sample autore-gres-sive
 []


Underfull \hbox (badness 10000) in paragraph at lines 933--933
[]|\OT1/cmr/m/n/9 641-item PHX-public
 []


Underfull \hbox (badness 10000) in paragraph at lines 933--934
[]|\OT1/cmr/m/n/9 D (post-
 []


Underfull \hbox (badness 10000) in paragraph at lines 934--934
[]|\OT1/cmr/m/n/9 Operational tol-er-
 []


LaTeX Warning: `h' float specifier changed to `ht'.


Underfull \hbox (badness 10000) in paragraph at lines 948--948
[]|\OT1/cmr/m/n/9 Our dis-closed recon-
 []


Underfull \hbox (badness 6348) in paragraph at lines 949--949
\OT1/cmr/m/n/9 repro-duce across con-
 []


Underfull \hbox (badness 1033) in paragraph at lines 950--950
[]|\OT1/cmr/m/n/9 Probe response reflects
 []


Underfull \hbox (badness 10000) in paragraph at lines 950--950
\OT1/cmr/m/n/9 a causal checkpoint-
 []


Underfull \hbox (badness 10000) in paragraph at lines 952--952
[]|\OT1/cmr/m/n/9 Reference-frame inter-
 []


Underfull \hbox (badness 10000) in paragraph at lines 952--952
\OT1/cmr/m/n/9 ven-tion con-trast: gap
 []


Underfull \hbox (badness 10000) in paragraph at lines 953--953
[]|\OT1/cmr/m/n/9 Origin effect per-sists
 []


Underfull \hbox (badness 10000) in paragraph at lines 953--953
\OT1/cmr/m/n/9 under matched pools
 []


Underfull \hbox (badness 10000) in paragraph at lines 954--954
[]|\OT1/cmr/m/n/9 Probe is adver-sar-ial
 []


Underfull \hbox (badness 10000) in paragraph at lines 954--954
\OT1/cmr/m/n/9 lexical-coupling stress
 []


LaTeX Warning: `h' float specifier changed to `ht'.


LaTeX Warning: `h' float specifier changed to `ht'.


Overfull \hbox (148.49353pt too wide) in paragraph at lines 979--995
 [] 
 []


LaTeX Warning: `h' float specifier changed to `ht'.


LaTeX Warning: `h' float specifier changed to `ht'.


Overfull \hbox (4.9967pt too wide) in paragraph at lines 1019--1037
 [] 
 []


LaTeX Warning: `h' float specifier changed to `ht'.


Overfull \hbox (101.68378pt too wide) in paragraph at lines 1039--1057
 [] 
 []


LaTeX Warning: `h' float specifier changed to `ht'.


Underfull \hbox (badness 10000) in paragraph at lines 1068--1068
[]|\OT1/cmr/m/n/9 Reconstructions (paper-
 []


Underfull \hbox (badness 10000) in paragraph at lines 1069--1069
[]|\OT1/cmr/m/n/9 Partially-corrected (config-
 []


Underfull \hbox (badness 10000) in paragraph at lines 1069--1070
[]|\OT1/cmr/m/n/9 recipe-faithfulness
 []


Underfull \hbox (badness 1365) in paragraph at lines 1071--1071
[]|\OT1/cmr/m/n/9 Other diag-nos-tic (con-fir-ma-
 []


Underfull \hbox (badness 10000) in paragraph at lines 1073--1073
[]|\OT1/cmr/m/n/9 Joint-loss sup-ple-men-tary
 []


Underfull \hbox (badness 10000) in paragraph at lines 1073--1074
[]|\OT1/cmr/m/n/9 (exploratory, not
 []


Underfull \hbox (badness 1817) in paragraph at lines 1078--1078
\OT1/cmr/m/n/10 fam-i-lies; 69 non-degenerate check-points enter the non-reprod
uction count (all 69
 []


Underfull \hbox (badness 1400) in paragraph at lines 1078--1078
\OT1/cmr/m/n/10 the released eval-u-a-tor is the audit tar-get. Auto-generated 
from the disk-scanned
 []


Overfull \hbox (19.65897pt too wide) in paragraph at lines 1059--1079
 [] 
 []


LaTeX Warning: `h' float specifier changed to `ht'.


Overfull \hbox (65.52548pt too wide) in paragraph at lines 1081--1095
 [] 
 []


LaTeX Warning: `h' float specifier changed to `ht'.


Overfull \hbox (10.78728pt too wide) in paragraph at lines 1097--1114
 [] 
 []


LaTeX Warning: `h' float specifier changed to `ht'.


Overfull \hbox (29.43272pt too wide) in paragraph at lines 1116--1129
 [] 
 []


LaTeX Warning: `h' float specifier changed to `ht'.


Overfull \hbox (132.26262pt too wide) in paragraph at lines 1131--1153
 [] 
 []


LaTeX Warning: `h' float specifier changed to `ht'.


LaTeX Warning: `h' float specifier changed to `ht'.


LaTeX Warning: `h' float specifier changed to `ht'.


Underfull \hbox (badness 10000) in paragraph at lines 1212--1212
[]|\OT1/cmr/m/n/9 L1: num-ber
 []


Underfull \hbox (badness 6961) in paragraph at lines 1212--1212
[]|\OT1/cmr/m/n/9 Regenerates canon-i-cal donor
 []


Underfull \hbox (badness 10000) in paragraph at lines 1212--1213
[]|\OT1/cmr/m/n/9 Does not re-decode or
 []


Underfull \hbox (badness 6364) in paragraph at lines 1213--1213
[]|\OT1/cmr/m/n/9 L2: anal-y-sis re-
 []


Underfull \hbox (badness 10000) in paragraph at lines 1213--1213
[]|\OT1/cmtt/m/n/9 make round2-all\OT1/cmr/m/n/9 ; indi-
 []


Underfull \hbox (badness 10000) in paragraph at lines 1213--1213
\OT1/cmr/m/n/9 vid-ual \OT1/cmtt/m/n/9 make \OT1/cmr/m/n/9 tar-gets
 []


Underfull \hbox (badness 3679) in paragraph at lines 1213--1213
[]|\OT1/cmr/m/n/9 Re-runs every anal-y-sis from
 []


Underfull \hbox (badness 10000) in paragraph at lines 1214--1214
[]|\OT1/cmr/m/n/9 L3: model re-
 []


Underfull \hbox (badness 10000) in paragraph at lines 1214--1214
[]|\OT1/cmtt/m/n/9 scripts/decode[]cells.py\OT1/cmr/m/n/9 ;
 []


Overfull \hbox (1.66661pt too wide) in paragraph at lines 1214--1214
\OT1/cmtt/m/n/9 scripts/e[]full[]readout.py| 
 []


Underfull \hbox (badness 10000) in paragraph at lines 1215--1215
[]|\OT1/cmr/m/n/9 L4: from-scratch
 []


Overfull \hbox (33.9087pt too wide) in paragraph at lines 1215--1215
[]|\OT1/cmtt/m/n/9 scripts/train[]reconstruction.py\OT1/cmr/m/n/9 ,
 []


Overfull \hbox (5.55904pt too wide) in paragraph at lines 1215--1215
\OT1/cmtt/m/n/9 launch[]reconstructions.sh\OT1/cmr/m/n/9 ;
 []


Overfull \hbox (6.31178pt too wide) in paragraph at lines 1215--1215
\OT1/cmr/m/n/9 rescue/distillation/validation-
 []


Underfull \hbox (badness 1314) in paragraph at lines 1215--1216
[]|\OT1/cmr/m/n/9 Requires PHOENIX-2014T
 []


Underfull \hbox (badness 4467) in paragraph at lines 1215--1216
\OT1/cmr/m/n/9 licence, exact env, $\OMS/cmsy/m/n/9 ^^X$\OT1/cmr/m/n/9 200
 []


Overfull \hbox (81.63676pt too wide) in paragraph at lines 1203--1218
 [] 
 []


LaTeX Warning: `h' float specifier changed to `ht'.


Underfull \hbox (badness 1430) in paragraph at lines 1222--1223
\OT1/cmr/m/n/10 This appendix doc-u-ments the three san-ity checks requested by
 the reviewer
 []


Underfull \hbox (badness 1097) in paragraph at lines 1222--1223
\OT1/cmr/m/n/10 to rule out a sys-tem-atic imple-men-ta-tion defect shared acro
ss all 68 train-ing
 []


Underfull \hbox (badness 10000) in paragraph at lines 1222--1223
\OT1/cmr/m/n/10 runs. Scripts: \OT1/cmtt/m/n/10.03749 scripts/e[]overfit[]test.
py\OT1/cmr/m/n/10 , \OT1/cmtt/m/n/10.03749 scripts/e[]checkpoint[]stats.py\OT1/
cmr/m/n/10 ,
 []


Underfull \hbox (badness 10000) in paragraph at lines 1222--1223
\OT1/cmtt/m/n/10.03749 scripts/e[]inference[]regression.py\OT1/cmr/m/n/10 . Res
ults: \OT1/cmtt/m/n/10.03749 results/overfit[]test.json\OT1/cmr/m/n/10 ,
 []


Underfull \vbox (badness 10000) has occurred while \output is active []


Underfull \vbox (badness 10000) has occurred while \output is active []

 [17 <./generated_figures/fig1_audit_design.pdf>]

Package hyperref Warning: Difference (3) between bookmark levels is greater 
(hyperref)                than one, level fixed on input line 1224.


Package hyperref Warning: Difference (2) between bookmark levels is greater 
(hyperref)                than one, level fixed on input line 1227.


Underfull \hbox (badness 5787) in paragraph at lines 1228--1229
\OT1/cmr/m/n/10 Released and recon-struc-tion check-points are loaded through t
he iden-ti-cal
 []


Underfull \hbox (badness 10000) in paragraph at lines 1228--1229
\OT1/cmtt/m/n/10.03749 make[]back[]translation[]model() \OT1/cmr/m/n/10 func-ti
on and decoded with the iden-ti-cal
 []


Underfull \vbox (badness 10000) has occurred while \output is active []

 [18 <./generated_figures/fig4_reference_frame.pdf>]
Underfull \hbox (badness 1960) in paragraph at lines 1231--1232
\OT1/cmr/m/n/10 and free-decode BLEU. Teacher-forced val-ues are on 500 ran-dom
ly sam-pled
 []


Overfull \hbox (78.98586pt too wide) in paragraph at lines 1233--1263
 [] 
 []


Underfull \vbox (badness 10000) has occurred while \output is active []

 [19 <./generated_figures/fig5_donor_origin.pdf>]

LaTeX Warning: `h' float specifier changed to `ht'.


Package hyperref Warning: Difference (3) between bookmark levels is greater 
(hyperref)                than one, level fixed on input line 1270.


Package hyperref Warning: Difference (2) between bookmark levels is greater 
(hyperref)                than one, level fixed on input line 1273.


Underfull \vbox (badness 10000) has occurred while \output is active []

 [20]

LaTeX Warning: `h' float specifier changed to `ht'.

(./supplementary.bbl)
Underfull \vbox (badness 10000) has occurred while \output is active []

 [21]
Underfull \vbox (badness 10000) has occurred while \output is active []

 [22]
Underfull \vbox (badness 10000) has occurred while \output is active []

 [23]
Underfull \vbox (badness 10000) has occurred while \output is active []

 [24]
Underfull \vbox (badness 10000) has occurred while \output is active []

 [25]
Underfull \vbox (badness 10000) has occurred while \output is active []

 [26]
Underfull \vbox (badness 10000) has occurred while \output is active []

 [27]
Underfull \vbox (badness 10000) has occurred while \output is active []

 [28]
Underfull \vbox (badness 10000) has occurred while \output is active []

 [29]
Underfull \vbox (badness 10000) has occurred while \output is active []

 [30]
Underfull \vbox (badness 10000) has occurred while \output is active []

 [31]
Underfull \vbox (badness 10000) has occurred while \output is active []

 [32]
Underfull \vbox (badness 10000) has occurred while \output is active []

 [33]
Underfull \vbox (badness 10000) has occurred while \output is active []

 [34]
Underfull \vbox (badness 10000) has occurred while \output is active []

 [35]
Underfull \vbox (badness 10000) has occurred while \output is active []

 [36]
Underfull \vbox (badness 10000) has occurred while \output is active []

 [37]
Underfull \vbox (badness 10000) has occurred while \output is active []

 [38]
Underfull \vbox (badness 10000) has occurred while \output is active []

 [39]
Underfull \vbox (badness 10000) has occurred while \output is active []

 [40]
Underfull \vbox (badness 10000) has occurred while \output is active []

 [41]
Underfull \vbox (badness 10000) has occurred while \output is active []

 [42]
Underfull \vbox (badness 10000) has occurred while \output is active []

 [43]
Underfull \vbox (badness 10000) has occurred while \output is active []

 [44]
(./supplementary.aux)

LaTeX Font Warning: Some font shapes were not available, defaults substituted.

Package rerunfilecheck Info: File `supplementary.out' has not changed.
(rerunfilecheck)             Checksum: 6BA58665916858B1828D5A45CD596612;16602.
 ) 
Here is how much of TeX's memory you used:
 13206 strings out of 480247
 212634 string characters out of 5896152
 767980 words of memory out of 5000000
 30714 multiletter control sequences out of 15000+600000
 492477 words of font info for 116 fonts, out of 8000000 for 9000
 24 hyphenation exceptions out of 8191
 85i,14n,90p,1860b,599s stack positions out of 5000i,500n,10000p,200000b,80000s
pdfTeX warning (dest): name{subsection.4.5} has been referenced but does not 
exist, replaced by a fixed one

pdfTeX warning (dest): name{subsection.3.4} has been referenced but does not ex
ist, replaced by a fixed one

pdfTeX warning (dest): name{subsection.4.2} has been referenced but does not ex
ist, replaced by a fixed one

pdfTeX warning (dest): name{section*.26} has been referenced but does not exist
, replaced by a fixed one

pdfTeX warning (dest): name{subsection.4.4} has been referenced but does not ex
ist, replaced by a fixed one

pdfTeX warning (dest): name{section*.17} has been referenced but does not exist
, replaced by a fixed one

pdfTeX warning (dest): name{section*.23} has been referenced but does not exist
, replaced by a fixed one

pdfTeX warning (dest): name{subsection.3.2} has been referenced but does not ex
ist, replaced by a fixed one

{/usr/share/texmf/fonts/enc/dvips/cm-super/cm-super-ts1.enc}</usr/share/texlive
/texmf-dist/fonts/type1/public/amsfonts/cm/cmbx10.pfb></usr/share/texlive/texmf
-dist/fonts/type1/public/amsfonts/cm/cmbx12.pfb></usr/share/texlive/texmf-dist/
fonts/type1/public/amsfonts/cm/cmbx9.pfb></usr/share/texlive/texmf-dist/fonts/t
ype1/public/amsfonts/cm/cmbxti10.pfb></usr/share/texlive/texmf-dist/fonts/type1
/public/amsfonts/cm/cmitt10.pfb></usr/share/texlive/texmf-dist/fonts/type1/publ
ic/amsfonts/cm/cmmi10.pfb></usr/share/texlive/texmf-dist/fonts/type1/public/ams
fonts/cm/cmmi5.pfb></usr/share/texlive/texmf-dist/fonts/type1/public/amsfonts/c
m/cmmi7.pfb></usr/share/texlive/texmf-dist/fonts/type1/public/amsfonts/cm/cmmi9
.pfb></usr/share/texlive/texmf-dist/fonts/type1/public/amsfonts/cm/cmr10.pfb></
usr/share/texlive/texmf-dist/fonts/type1/public/amsfonts/cm/cmr17.pfb></usr/sha
re/texlive/texmf-dist/fonts/type1/public/amsfonts/cm/cmr7.pfb></usr/share/texli
ve/texmf-dist/fonts/type1/public/amsfonts/cm/cmr8.pfb></usr/share/texlive/texmf
-dist/fonts/type1/public/amsfonts/cm/cmr9.pfb></usr/share/texlive/texmf-dist/fo
nts/type1/public/amsfonts/cm/cmsy10.pfb></usr/share/texlive/texmf-dist/fonts/ty
pe1/public/amsfonts/cm/cmsy5.pfb></usr/share/texlive/texmf-dist/fonts/type1/pub
lic/amsfonts/cm/cmsy7.pfb></usr/share/texlive/texmf-dist/fonts/type1/public/ams
fonts/cm/cmsy9.pfb></usr/share/texlive/texmf-dist/fonts/type1/public/amsfonts/c
m/cmti10.pfb></usr/share/texlive/texmf-dist/fonts/type1/public/amsfonts/cm/cmti
9.pfb></usr/share/texlive/texmf-dist/fonts/type1/public/amsfonts/cm/cmtt10.pfb>
</usr/share/texlive/texmf-dist/fonts/type1/public/amsfonts/cm/cmtt8.pfb></usr/s
hare/texlive/texmf-dist/fonts/type1/public/amsfonts/cm/cmtt9.pfb></usr/share/te
xlive/texmf-dist/fonts/type1/public/amsfonts/symbols/msam10.pfb></usr/share/tex
mf/fonts/type1/public/cm-super/sfrm0700.pfb></usr/share/texmf/fonts/type1/publi
c/cm-super/sfrm0900.pfb></usr/share/texmf/fonts/type1/public/cm-super/sfrm1000.
pfb>
Output written on supplementary.pdf (44 pages, 623798 bytes).
PDF statistics:
 1071 PDF objects out of 1200 (max. 8388607)
 776 compressed objects within 8 object streams
 222 named destinations out of 1000 (max. 500000)
 559 words of extra memory for PDF output out of 10000 (max. 10000000)

